ets Jul 29 2019 12:21:46

rst:0x1 (POWERON_RESET),boot:0x13 (SPI_FAST_FLASH_BOOT)
configsip: 0, SPIWP:0xee
clk_drv:0x00,q_drv:0x00,d_drv:0x00,cs0_drv:0x00,hd_drv:0x00,wp_drv:0x00
mode:DIO, clock div:2
load:0x3fff0030,len:7092
load:0x40078000,len:15584
ho 0 tail 12 room 4
load:0x40080400,len:4
load:0x40080404,len:3876
entry 0x4008064c
[0;32mI (31) boot: ESP-IDF HEAD-HASH-NOTFOUND 2nd stage bootloader[0m
[0;32mI (31) boot: compile time Feb 16 2024 21:32:16[0m
[0;32mI (32) boot: Multicore bootloader[0m
[0;32mI (36) boot: chip revision: v3.0[0m
[0;32mI (40) boot.esp32: SPI Speed      : 40MHz[0m
[0;32mI (45) boot.esp32: SPI Mode       : DIO[0m
[0;32mI (49) boot.esp32: SPI Flash Size : 4MB[0m
[0;32mI (54) boot: Enabling RNG early entropy source...[0m
[0;32mI (59) boot: Partition Table:[0m
[0;32mI (63) boot: ## Label            Usage          Type ST Offset   Length[0m
[0;32mI (70) boot:  0 nvs              WiFi data        01 02 00009000 00004000[0m
[0;32mI (78) boot:  1 otadata          OTA data         01 00 0000d000 00002000[0m
[0;32mI (85) boot:  2 phy_init         RF data          01 01 0000f000 00001000[0m
[0;32mI (93) boot:  3 factory          factory app      00 00 00010000 00100000[0m
[0;32mI (100) boot:  4 ota_0            OTA app          00 10 00110000 00100000[0m
[0;32mI (108) boot:  5 ota_1            OTA app          00 11 00210000 00100000[0m
[0;32mI (115) boot: End of partition table[0m
[0;32mI (120) boot: Defaulting to factory image[0m
[0;32mI (124) esp_image: segment 0: paddr=00010020 vaddr=3f400020 size=11920h ( 71968) map[0m
[0;32mI (159) esp_image: segment 1: paddr=00021948 vaddr=3ffb0000 size=02328h (  9000) load[0m
[0;32mI (163) esp_image: segment 2: paddr=00023c78 vaddr=40080000 size=0c3a0h ( 50080) load[0m
[0;32mI (185) esp_image: segment 3: paddr=00030020 vaddr=400d0020 size=40f90h (266128) map[0m
[0;32mI (282) esp_image: segment 4: paddr=00070fb8 vaddr=4008c3a0 size=01c18h (  7192) load[0m
[0;32mI (292) boot: Loaded app from partition at offset 0x10000[0m
[0;32mI (292) boot: Disabling RNG early entropy source...[0m
[0;32mI (304) cpu_start: Multicore app[0m
[0;32mI (304) cpu_start: Pro cpu up.[0m
[0;32mI (305) cpu_start: Starting app cpu, entry point is 0x400812b4[0m
[0;32mI (0) cpu_start: App cpu up.[0m
[0;32mI (325) cpu_start: Pro cpu start user code[0m
[0;32mI (325) cpu_start: cpu freq: 160000000 Hz[0m
[0;32mI (325) cpu_start: Application information:[0m
[0;32mI (329) cpu_start: Project name:     main[0m
[0;32mI (334) cpu_start: App version:      1[0m
[0;32mI (338) cpu_start: Compile time:     Feb 16 2024 21:31:35[0m
[0;32mI (345) cpu_start: ELF file SHA256:  032cc6822e985487...[0m
[0;32mI (350) cpu_start: ESP-IDF:          HEAD-HASH-NOTFOUND[0m
[0;32mI (356) cpu_start: Min chip rev:     v0.0[0m
[0;32mI (361) cpu_start: Max chip rev:     v3.99 [0m
[0;32mI (366) cpu_start: Chip rev:         v3.0[0m
[0;32mI (371) heap_init: Initializing. RAM available for dynamic allocation:[0m
[0;32mI (378) heap_init: At 3FFAE6E0 len 00001920 (6 KiB): DRAM[0m
[0;32mI (384) heap_init: At 3FFBB0D8 len 00024F28 (147 KiB): DRAM[0m
[0;32mI (390) heap_init: At 3FFE0440 len 00003AE0 (14 KiB): D/IRAM[0m
[0;32mI (396) heap_init: At 3FFE4350 len 0001BCB0 (111 KiB): D/IRAM[0m
[0;32mI (403) heap_init: At 4008DFB8 len 00012048 (72 KiB): IRAM[0m
[0;32mI (411) spi_flash: detected chip: generic[0m
[0;32mI (414) spi_flash: flash io: dio[0m
[0;32mI (418) app_start: Starting scheduler on CPU0[0m
[0;32mI (423) app_start: Starting scheduler on CPU1[0m
[0;32mI (423) main_task: Started on CPU0[0m
[0;32mI (433) main_task: Calling app_main()[0m
[0;32mI (433) example: Turn off LCD backlight[0m
[0;32mI (433) gpio: GPIO[2]| InputEn: 0| OutputEn: 1| OpenDrain: 0| Pullup: 0| Pulldown: 0| Intr:0 [0m
[0;32mI (443) example: Initialize SPI bus[0m
[0;32mI (453) example: Install panel IO[0m
[0;32mI (453) gpio: GPIO[5]| InputEn: 0| OutputEn: 1| OpenDrain: 0| Pullup: 0| Pulldown: 0| Intr:0 [0m
[0;31mE (463) lcd_panel: esp_lcd_panel_reset(15): invalid panel handle[0m
ESP_ERROR_CHECK failed: esp_err_t 0x102 (ESP_ERR_INVALID_ARG) at 0x400d62c1
file: "./main/main.c" line 308
func: app_main
expression: esp_lcd_panel_reset(panel_handle)

abort() was called at PC 0x40086a07 on core 0


Backtrace: 0x4008191a:0x3ffbd210 0x40086a11:0x3ffbd230 0x4008ca06:0x3ffbd250 0x40086a07:0x3ffbd2c0 0x400d62c1:0x3ffbd2f0 0x401107b7:0x3ffbd3d0 0x400890f5:0x3ffbd400




ELF file SHA256: 032cc6822e985487

Rebooting...
ets Jul 29 2019 12:21:46

rst:0xc (SW_CPU_RESET),boot:0x13 (SPI_FAST_FLASH_BOOT)
configsip: 0, SPIWP:0xee
clk_drv:0x00,q_drv:0x00,d_drv:0x00,cs0_drv:0x00,hd_drv:0x00,wp_drv:0x00
mode:DIO, clock div:2
load:0x3fff0030,len:7092
load:0x40078000,len:15584
ho 0 tail 12 room 4
load:0x40080400,len:4
load:0x40080404,len:3876
entry 0x4008064c
[0;32mI (31) boot: ESP-IDF HEAD-HASH-NOTFOUND 2nd stage bootloader[0m
[0;32mI (31) boot: compile time Feb 16 2024 21:32:16[0m
[0;32mI (32) boot: Multicore bootloader[0m
[0;32mI (36) boot: chip revision: v3.0[0m
[0;32mI (40) boot.esp32: SPI Speed      : 40MHz[0m
[0;32mI (45) boot.esp32: SPI Mode       : DIO[0m
[0;32mI (49) boot.esp32: SPI Flash Size : 4MB[0m
[0;32mI (54) boot: Enabling RNG early entropy source...[0m
[0;32mI (59) boot: Partition Table:[0m
[0;32mI (63) boot: ## Label            Usage          Type ST Offset   Length[0m
[0;32mI (70) boot:  0 nvs              WiFi data        01 02 00009000 00004000[0m
[0;32mI (78) boot:  1 otadata          OTA data         01 00 0000d000 00002000[0m
[0;32mI (85) boot:  2 phy_init         RF data          01 01 0000f000 00001000[0m
[0;32mI (93) boot:  3 factory          factory app      00 00 00010000 00100000[0m
[0;32mI (100) boot:  4 ota_0            OTA app          00 10 00110000 00100000[0m
[0;32mI (108) boot:  5 ota_1            OTA app          00 11 00210000 00100000[0m
[0;32mI (115) boot: End of partition table[0m
[0;32mI (119) boot: Defaulting to factory image[0m
[0;32mI (124) esp_image: segment 0: paddr=00010020 vaddr=3f400020 size=11920h ( 71968) map[0m
[0;32mI (159) esp_image: segment 1: paddr=00021948 vaddr=3ffb0000 size=02328h (  9000) load[0m
[0;32mI (162) esp_image: segment 2: paddr=00023c78 vaddr=40080000 size=0c3a0h ( 50080) load[0m
[0;32mI (185) esp_image: segment 3: paddr=00030020 vaddr=400d0020 size=40f90h (266128) map[0m
[0;32mI (282) esp_image: segment 4: paddr=00070fb8 vaddr=4008c3a0 size=01c18h (  7192) load[0m
[0;32mI (292) boot: Loaded app from partition at offset 0x10000[0m
[0;32mI (292) boot: Disabling RNG early entropy source...[0m
[0;32mI (304) cpu_start: Multicore app[0m
[0;32mI (304) cpu_start: Pro cpu up.[0m
[0;32mI (305) cpu_start: Starting app cpu, entry point is 0x400812b4[0m
[0;32mI (294) cpu_start: App cpu up.[0m
[0;32mI (325) cpu_start: Pro cpu start user code[0m
[0;32mI (325) cpu_start: cpu freq: 160000000 Hz[0m
[0;32mI (325) cpu_start: Application information:[0m
[0;32mI (329) cpu_start: Project name:     main[0m
[0;32mI (334) cpu_start: App version:      1[0m
[0;32mI (339) cpu_start: Compile time:     Feb 16 2024 21:31:35[0m
[0;32mI (345) cpu_start: ELF file SHA256:  032cc6822e985487...[0m
[0;32mI (351) cpu_start: ESP-IDF:          HEAD-HASH-NOTFOUND[0m
[0;32mI (356) cpu_start: Min chip rev:     v0.0[0m
[0;32mI (361) cpu_start: Max chip rev:     v3.99 [0m
[0;32mI (366) cpu_start: Chip rev:         v3.0[0m
[0;32mI (371) heap_init: Initializing. RAM available for dynamic allocation:[0m
[0;32mI (378) heap_init: At 3FFAE6E0 len 00001920 (6 KiB): DRAM[0m
[0;32mI (384) heap_init: At 3FFBB0D8 len 00024F28 (147 KiB): DRAM[0m
[0;32mI (390) heap_init: At 3FFE0440 len 00003AE0 (14 KiB): D/IRAM[0m
[0;32mI (397) heap_init: At 3FFE4350 len 0001BCB0 (111 KiB): D/IRAM[0m
[0;32mI (403) heap_init: At 4008DFB8 len 00012048 (72 KiB): IRAM[0m
[0;32mI (411) spi_flash: detected chip: generic[0m
[0;32mI (414) spi_flash: flash io: dio[0m
[0;32mI (418) app_start: Starting scheduler on CPU0[0m
[0;32mI (423) app_start: Starting scheduler on CPU1[0m
[0;32mI (423) main_task: Started on CPU0[0m
[0;32mI (433) main_task: Calling app_main()[0m
[0;32mI (433) example: Turn off LCD backlight[0m
[0;32mI (433) gpio: GPIO[2]| InputEn: 0| OutputEn: 1| OpenDrain: 0| Pullup: 0| Pulldown: 0| Intr:0 [0m
[0;32mI (443) example: Initialize SPI bus[0m
[0;32mI (453) example: Install panel IO[0m
[0;32mI (453) gpio: GPIO[5]| InputEn: 0| OutputEn: 1| OpenDrain: 0| Pullup: 0| Pulldown: 0| Intr:0 [0m
[0;31mE (463) lcd_panel: esp_lcd_panel_reset(15): invalid panel handle[0m
ESP_ERROR_CHECK failed: esp_err_t 0x102 (ESP_ERR_INVALID_ARG) at 0x400d62c1
file: "./main/main.c" line 308
func: app_main
expression: esp_lcd_panel_reset(panel_handle)

abort() was called at PC 0x40086a07 on core 0


Backtrace: 0x4008191a:0x3ffbd210 0x40086a11:0x3ffbd230 0x4008ca06:0x3ffbd250 0x40086a07:0x3ffbd2c0 0x400d62c1:0x3ffbd2f0 0x401107b7:0x3ffbd3d0 0x400890f5:0x3ffbd400




ELF file SHA256: 032cc6822e985487

Rebooting...
ets Jul 29 2019 12:21:46

rst:0xc (SW_CPU_RESET),boot:0x13 (SPI_FAST_FLASH_BOOT)
configsip: 0, SPIWP:0xee
clk_drv:0x00,q_drv:0x00,d_drv:0x00,cs0_drv:0x00,hd_drv:0x00,wp_drv:0x00
mode:DIO, clock div:2
load:0x3fff0030,len:7092
load:0x40078000,len:15584
ho 0 tail 12 room 4
load:0x40080400,len:4
load:0x40080404,len:3876
entry 0x4008064c
[0;32mI (31) boot: ESP-IDF HEAD-HASH-NOTFOUND 2nd stage bootloader[0m
[0;32mI (31) boot: compile time Feb 16 2024 21:32:16[0m
[0;32mI (32) boot: Multicore bootloader[0m
[0;32mI (36) boot: chip revision: v3.0[0m
[0;32mI (40) boot.esp32: SPI Speed      : 40MHz[0m
[0;32mI (45) boot.esp32: SPI Mode       : DIO[0m
[0;32mI (49) boot.esp32: SPI Flash Size : 4MB[0m
[0;32mI (54) boot: Enabling RNG early entropy source...[0m
[0;32mI (59) boot: Partition Table:[0m
[0;32mI (63) boot: ## Label            Usage          Type ST Offset   Length[0m
[0;32mI (70) boot:  0 nvs              WiFi data        01 02 00009000 00004000[0m
[0;32mI (78) boot:  1 otadata          OTA data         01 00 0000d000 00002000[0m
[0;32mI (85) boot:  2 phy_init         RF data          01 01 0000f000 00001000[0m
[0;32mI (93) boot:  3 factory          factory app      00 00 00010000 00100000[0m
[0;32mI (100) boot:  4 ota_0            OTA app          00 10 00110000 00100000[0m
[0;32mI (108) boot:  5 ota_1            OTA app          00 11 00210000 00100000[0m
[0;32mI (115) boot: End of partition table[0m
[0;32mI (119) boot: Defaulting to factory image[0m
[0;32mI (124) esp_image: segment 0: paddr=00010020 vaddr=3f400020 size=11920h ( 71968) map[0m
[0;32mI (159) esp_image: segment 1: paddr=00021948 vaddr=3ffb0000 size=02328h (  9000) load[0m
[0;32mI (162) esp_image: segment 2: paddr=00023c78 vaddr=40080000 size=0c3a0h ( 50080) load[0m
[0;32mI (185) esp_image: segment 3: paddr=00030020 vaddr=400d0020 size=40f90h (266128) map[0m
[0;32mI (282) esp_image: segment 4: paddr=00070fb8 vaddr=4008c3a0 size=01c18h (  7192) load[0m
[0;32mI (292) boot: Loaded app from partition at offset 0x10000[0m
[0;32mI (292) boot: Disabling RNG early entropy source...[0m
[0;32mI (304) cpu_start: Multicore app[0m
[0;32mI (304) cpu_start: Pro cpu up.[0m
[0;32mI (305) cpu_start: Starting app cpu, entry point is 0x400812b4[0m
[0;32mI (294) cpu_start: App cpu up.[0m
[0;32mI (325) cpu_start: Pro cpu start user code[0m
[0;32mI (325) cpu_start: cpu freq: 160000000 Hz[0m
[0;32mI (325) cpu_start: Application information:[0m
[0;32mI (329) cpu_start: Project name:     main[0m
[0;32mI (334) cpu_start: App version:      1[0m
[0;32mI (339) cpu_start: Compile time:     Feb 16 2024 21:31:35[0m
[0;32mI (345) cpu_start: ELF file SHA256:  032cc6822e985487...[0m
[0;32mI (351) cpu_start: ESP-IDF:          HEAD-HASH-NOTFOUND[0m
[0;32mI (356) cpu_start: Min chip rev:     v0.0[0m
[0;32mI (361) cpu_start: Max chip rev:     v3.99 [0m
[0;32mI (366) cpu_start: Chip rev:         v3.0[0m
[0;32mI (371) heap_init: Initializing. RAM available for dynamic allocation:[0m
[0;32mI (378) heap_init: At 3FFAE6E0 len 00001920 (6 KiB): DRAM[0m
[0;32mI (384) heap_init: At 3FFBB0D8 len 00024F28 (147 KiB): DRAM[0m
[0;32mI (390) heap_init: At 3FFE0440 len 00003AE0 (14 KiB): D/IRAM[0m
[0;32mI (397) heap_init: At 3FFE4350 len 0001BCB0 (111 KiB): D/IRAM[0m
[0;32mI (403) heap_init: At 4008DFB8 len 00012048 (72 KiB): IRAM[0m
[0;32mI (411) spi_flash: detected chip: generic[0m
[0;32mI (414) spi_flash: flash io: dio[0m
[0;32mI (419) app_start: Starting scheduler on CPU0[0m
[0;32mI (423) app_start: Starting scheduler on CPU1[0m
[0;32mI (423) main_task: Started on CPU0[0m
[0;32mI (433) main_task: Calling app_main()[0m
[0;32mI (433) example: Turn off LCD backlight[0m
[0;32mI (433) gpio: GPIO[2]| InputEn: 0| OutputEn: 1| OpenDrain: 0| Pullup: 0| Pulldown: 0| Intr:0 [0m
[0;32mI (443) example: Initialize SPI bus[0m
[0;32mI (453) example: Install panel IO[0m
[0;32mI (453) gpio: GPIO[5]| InputEn: 0| OutputEn: 1| OpenDrain: 0| Pullup: 0| Pulldown: 0| Intr:0 [0m
[0;31mE (463) lcd_panel: esp_lcd_panel_reset(15): invalid panel handle[0m
ESP_ERROR_CHECK failed: esp_err_t 0x102 (ESP_ERR_INVALID_ARG) at 0x400d62c1
file: "./main/main.c" line 308
func: app_main
expression: esp_lcd_panel_reset(panel_handle)

abort() was called at PC 0x40086a07 on core 0


Backtrace: 0x4008191a:0x3ffbd210 0x40086a11:0x3ffbd230 0x4008ca06:0x3ffbd250 0x40086a07:0x3ffbd2c0 0x400d62c1:0x3ffbd2f0 0x401107b7:0x3ffbd3d0 0x400890f5:0x3ffbd400




ELF file SHA256: 032cc6822e985487

Rebooting...
ets Jul 29 2019 12:21:46

rst:0xc (SW_CPU_RESET),boot:0x13 (SPI_FAST_FLASH_BOOT)
configsip: 0, SPIWP:0xee
clk_drv:0x00,q_drv:0x00,d_drv:0x00,cs0_drv:0x00,hd_drv:0x00,wp_drv:0x00
mode:DIO, clock div:2
load:0x3fff0030,len:7092
load:0x40078000,len:15584
ho 0 tail 12 room 4
load:0x40080400,len:4
load:0x40080404,len:3876
entry 0x4008064c
[0;32mI (31) boot: ESP-IDF HEAD-HASH-NOTFOUND 2nd stage bootloader[0m
[0;32mI (31) boot: compile time Feb 16 2024 21:32:16[0m
[0;32mI (32) boot: Multicore bootloader[0m
[0;32mI (36) boot: chip revision: v3.0[0m
[0;32mI (40) boot.esp32: SPI Speed      : 40MHz[0m
[0;32mI (45) boot.esp32: SPI Mode       : DIO[0m
[0;32mI (49) boot.esp32: SPI Flash Size : 4MB[0m
[0;32mI (54) boot: Enabling RNG early entropy source...[0m
[0;32mI (59) boot: Partition Table:[0m
[0;32mI (63) boot: ## Label            Usage          Type ST Offset   Length[0m
[0;32mI (70) boot:  0 nvs              WiFi data        01 02 00009000 00004000[0m
[0;32mI (78) boot:  1 otadata          OTA data         01 00 0000d000 00002000[0m
[0;32mI (85) boot:  2 phy_init         RF data          01 01 0000f000 00001000[0m
[0;32mI (93) boot:  3 factory          factory app      00 00 00010000 00100000[0m
[0;32mI (100) boot:  4 ota_0            OTA app          00 10 00110000 00100000[0m
[0;32mI (108) boot:  5 ota_1            OTA app          00 11 00210000 00100000[0m
[0;32mI (115) boot: End of partition table[0m
[0;32mI (119) boot: Defaulting to factory image[0m
[0;32mI (124) esp_image: segment 0: paddr=00010020 vaddr=3f400020 size=11920h ( 71968) map[0m
[0;32mI (159) esp_image: segment 1: paddr=00021948 vaddr=3ffb0000 size=02328h (  9000) load[0m
[0;32mI (162) esp_image: segment 2: paddr=00023c78 vaddr=40080000 size=0c3a0h ( 50080) load[0m
[0;32mI (185) esp_image: segment 3: paddr=00030020 vaddr=400d0020 size=40f90h (266128) map[0m
[0;32mI (282) esp_image: segment 4: paddr=00070fb8 vaddr=4008c3a0 size=01c18h (  7192) load[0m
[0;32mI (292) boot: Loaded app from partition at offset 0x10000[0m
[0;32mI (292) boot: Disabling RNG early entropy source...[0m
[0;32mI (304) cpu_start: Multicore app[0m
[0;32mI (304) cpu_start: Pro cpu up.[0m
[0;32mI (305) cpu_start: Starting app cpu, entry point is 0x400812b4[0m
[0;32mI (294) cpu_start: App cpu up.[0m
[0;32mI (325) cpu_start: Pro cpu start user code[0m
[0;32mI (325) cpu_start: cpu freq: 160000000 Hz[0m
[0;32mI (325) cpu_start: Application information:[0m
[0;32mI (329) cpu_start: Project name:     main[0m
[0;32mI (334) cpu_start: App version:      1[0m
[0;32mI (339) cpu_start: Compile time:     Feb 16 2024 21:31:35[0m
[0;32mI (345) cpu_start: ELF file SHA256:  032cc6822e985487...[0m
[0;32mI (351) cpu_start: ESP-IDF:          HEAD-HASH-NOTFOUND[0m
[0;32mI (356) cpu_start: Min chip rev:     v0.0[0m
[0;32mI (361) cpu_start: Max chip rev:     v3.99 [0m
[0;32mI (366) cpu_start: Chip rev:         v3.0[0m
[0;32mI (371) heap_init: Initializing. RAM available for dynamic allocation:[0m
[0;32mI (378) heap_init: At 3FFAE6E0 len 00001920 (6 KiB): DRAM[0m
[0;32mI (384) heap_init: At 3FFBB0D8 len 00024F28 (147 KiB): DRAM[0m
[0;32mI (390) heap_init: At 3FFE0440 len 00003AE0 (14 KiB): D/IRAM[0m
[0;32mI (397) heap_init: At 3FFE4350 len 0001BCB0 (111 KiB): D/IRAM[0m
[0;32mI (403) heap_init: At 4008DFB8 len 00012048 (72 KiB): IRAM[0m
[0;32mI (411) spi_flash: detected chip: generic[0m
[0;32mI (414) spi_flash: flash io: dio[0m
[0;32mI (418) app_start: Starting scheduler on CPU0[0m
[0;32mI (423) app_start: Starting scheduler on CPU1[0m
[0;32mI (423) main_task: Started on CPU0[0m
[0;32mI (433) main_task: Calling app_main()[0m
[0;32mI (433) example: Turn off LCD backlight[0m
[0;32mI (433) gpio: GPIO[2]| InputEn: 0| OutputEn: 1| OpenDrain: 0| Pullup: 0| Pulldown: 0| Intr:0 [0m
[0;32mI (443) example: Initialize SPI bus[0m
[0;32mI (453) example: Install panel IO[0m
[0;32mI (453) gpio: GPIO[5]| InputEn: 0| OutputEn: 1| OpenDrain: 0| Pullup: 0| Pulldown: 0| Intr:0 [0m
[0;31mE (463) lcd_panel: esp_lcd_panel_reset(15): invalid panel handle[0m
ESP_ERROR_CHECK failed: esp_err_t 0x102 (ESP_ERR_INVALID_ARG) at 0x400d62c1
file: "./main/main.c" line 308
func: app_main
expression: esp_lcd_panel_reset(panel_handle)

abort() was called at PC 0x40086a07 on core 0


Backtrace: 0x4008191a:0x3ffbd210 0x40086a11:0x3ffbd230 0x4008ca06:0x3ffbd250 0x40086a07:0x3ffbd2c0 0x400d62c1:0x3ffbd2f0 0x401107b7:0x3ffbd3d0 0x400890f5:0x3ffbd400




ELF file SHA256: 032cc6822e985487

Rebooting...
ets Jul 29 2019 12:21:46

rst:0xc (SW_CPU_RESET),boot:0x13 (SPI_FAST_FLASH_BOOT)
configsip: 0, SPIWP:0xee
clk_drv:0x00,q_drv:0x00,d_drv:0x00,cs0_drv:0x00,hd_drv:0x00,wp_drv:0x00
mode:DIO, clock div:2
load:0x3fff0030,len:7092
load:0x40078000,len:15584
ho 0 tail 12 room 4
load:0x40080400,len:4
load:0x40080404,len:3876
entry 0x4008064c
[0;32mI (31) boot: ESP-IDF HEAD-HASH-NOTFOUND 2nd stage bootloader[0m
[0;32mI (31) boot: compile time Feb 16 2024 21:32:16[0m
[0;32mI (32) boot: Multicore bootloader[0m
[0;32mI (36) boot: chip revision: v3.0[0m
[0;32mI (40) boot.esp32: SPI Speed      : 40MHz[0m
[0;32mI (45) boot.esp32: SPI Mode       : DIO[0m
[0;32mI (49) boot.esp32: SPI Flash Size : 4MB[0m
[0;32mI (54) boot: Enabling RNG early entropy source...[0m
[0;32mI (59) boot: Partition Table:[0m
[0;32mI (63) boot: ## Label            Usage          Type ST Offset   Length[0m
[0;32mI (70) boot:  0 nvs              WiFi data        01 02 00009000 00004000[0m
[0;32mI (78) boot:  1 otadata          OTA data         01 00 0000d000 00002000[0m
[0;32mI (85) boot:  2 phy_init         RF data          01 01 0000f000 00001000[0m
[0;32mI (93) boot:  3 factory          factory app      00 00 00010000 00100000[0m
[0;32mI (100) boot:  4 ota_0            OTA app          00 10 00110000 00100000[0m
[0;32mI (108) boot:  5 ota_1            OTA app          00 11 00210000 00100000[0m
[0;32mI (115) boot: End of partition table[0m
[0;32mI (119) boot: Defaulting to factory image[0m
[0;32mI (124) esp_image: segment 0: paddr=00010020 vaddr=3f400020 size=11920h ( 71968) map[0m
[0;32mI (159) esp_image: segment 1: paddr=00021948 vaddr=3ffb0000 size=02328h (  9000) load[0m
[0;32mI (162) esp_image: segment 2: paddr=00023c78 vaddr=40080000 size=0c3a0h ( 50080) load[0m
[0;32mI (185) esp_image: segment 3: paddr=00030020 vaddr=400d0020 size=40f90h (266128) map[0m
[0;32mI (282) esp_image: segment 4: paddr=00070fb8 vaddr=4008c3a0 size=01c18h (  7192) load[0m
[0;32mI (292) boot: Loaded app from partition at offset 0x10000[0m
[0;32mI (292) boot: Disabling RNG early entropy source...[0m
[0;32mI (304) cpu_start: Multicore app[0m
[0;32mI (304) cpu_start: Pro cpu up.[0m
[0;32mI (305) cpu_start: Starting app cpu, entry point is 0x400812b4[0m
[0;32mI (294) cpu_start: App cpu up.[0m
[0;32mI (325) cpu_start: Pro cpu start user code[0m
[0;32mI (325) cpu_start: cpu freq: 160000000 Hz[0m
[0;32mI (325) cpu_start: Application information:[0m
[0;32mI (329) cpu_start: Project name:     main[0m
[0;32mI (334) cpu_start: App version:      1[0m
[0;32mI (339) cpu_start: Compile time:     Feb 16 2024 21:31:35[0m
[0;32mI (345) cpu_start: ELF file SHA256:  032cc6822e985487...[0m
[0;32mI (351) cpu_start: ESP-IDF:          HEAD-HASH-NOTFOUND[0m
[0;32mI (356) cpu_start: Min chip rev:     v0.0[0m
[0;32mI (361) cpu_start: Max chip rev:     v3.99 [0m
[0;32mI (366) cpu_start: Chip rev:         v3.0[0m
[0;32mI (371) heap_init: Initializing. RAM available for dynamic allocation:[0m
[0;32mI (378) heap_init: At 3FFAE6E0 len 00001920 (6 KiB): DRAM[0m
[0;32mI (384) heap_init: At 3FFBB0D8 len 00024F28 (147 KiB): DRAM[0m
[0;32mI (390) heap_init: At 3FFE0440 len 00003AE0 (14 KiB): D/IRAM[0m
[0;32mI (397) heap_init: At 3FFE4350 len 0001BCB0 (111 KiB): D/IRAM[0m
[0;32mI (403) heap_init: At 4008DFB8 len 00012048 (72 KiB): IRAM[0m
[0;32mI (411) spi_flash: detected chip: generic[0m
[0;32mI (414) spi_flash: flash io: dio[0m
[0;32mI (418) app_start: Starting scheduler on CPU0[0m
[0;32mI (423) app_start: Starting scheduler on CPU1[0m
[0;32mI (423) main_task: Started on CPU0[0m
[0;32mI (433) main_task: Calling app_main()[0m
[0;32mI (433) example: Turn off LCD backlight[0m
[0;32mI (433) gpio: GPIO[2]| InputEn: 0| OutputEn: 1| OpenDrain: 0| Pullup: 0| Pulldown: 0| Intr:0 [0m
[0;32mI (443) example: Initialize SPI bus[0m
[0;32mI (453) example: Install panel IO[0m
[0;32mI (453) gpio: GPIO[5]| InputEn: 0| OutputEn: 1| OpenDrain: 0| Pullup: 0| Pulldown: 0| Intr:0 [0m
[0;31mE (463) lcd_panel: esp_lcd_panel_reset(15): invalid panel handle[0m
ESP_ERROR_CHECK failed: esp_err_t 0x102 (ESP_ERR_INVALID_ARG) at 0x400d62c1
file: "./main/main.c" line 308
func: app_main
expression: esp_lcd_panel_reset(panel_handle)

abort() was called at PC 0x40086a07 on core 0


Backtrace: 0x4008191a:0x3ffbd210 0x40086a11:0x3ffbd230 0x4008ca06:0x3ffbd250 0x40086a07:0x3ffbd2c0 0x400d62c1:0x3ffbd2f0 0x401107b7:0x3ffbd3d0 0x400890f5:0x3ffbd400




ELF file SHA256: 032cc6822e985487

Rebooting...
ets Jul 29 2019 12:21:46

rst:0xc (SW_CPU_RESET),boot:0x13 (SPI_FAST_FLASH_BOOT)
configsip: 0, SPIWP:0xee
clk_drv:0x00,q_drv:0x00,d_drv:0x00,cs0_drv:0x00,hd_drv:0x00,wp_drv:0x00
mode:DIO, clock div:2
load:0x3fff0030,len:7092
load:0x40078000,len:15584
ho 0 tail 12 room 4
load:0x40080400,len:4
load:0x40080404,len:3876
entry 0x4008064c
[0;32mI (31) boot: ESP-IDF HEAD-HASH-NOTFOUND 2nd stage bootloader[0m
[0;32mI (31) boot: compile time Feb 16 2024 21:32:16[0m
[0;32mI (32) boot: Multicore bootloader[0m
[0;32mI (36) boot: chip revision: v3.0[0m
[0;32mI (40) boot.esp32: SPI Speed      : 40MHz[0m
[0;32mI (45) boot.esp32: SPI Mode       : DIO[0m
[0;32mI (49) boot.esp32: SPI Flash Size : 4MB[0m
[0;32mI (54) boot: Enabling RNG early entropy source...[0m
[0;32mI (59) boot: Partition Table:[0m
[0;32mI (63) boot: ## Label            Usage          Type ST Offset   Length[0m
[0;32mI (70) boot:  0 nvs              WiFi data        01 02 00009000 00004000[0m
[0;32mI (78) boot:  1 otadata          OTA data         01 00 0000d000 00002000[0m
[0;32mI (85) boot:  2 phy_init         RF data          01 01 0000f000 00001000[0m
[0;32mI (93) boot:  3 factory          factory app      00 00 00010000 00100000[0m
[0;32mI (100) boot:  4 ota_0            OTA app          00 10 00110000 00100000[0m
[0;32mI (108) boot:  5 ota_1            OTA app          00 11 00210000 00100000[0m
[0;32mI (115) boot: End of partition table[0m
[0;32mI (119) boot: Defaulting to factory image[0m
[0;32mI (124) esp_image: segment 0: paddr=00010020 vaddr=3f400020 size=11920h ( 71968) map[0m
[0;32mI (159) esp_image: segment 1: paddr=00021948 vaddr=3ffb0000 size=02328h (  9000) load[0m
[0;32mI (162) esp_image: segment 2: paddr=00023c78 vaddr=40080000 size=0c3a0h ( 50080) load[0m
[0;32mI (185) esp_image: segment 3: paddr=00030020 vaddr=400d0020 size=40f90h (266128) map[0m
[0;32mI (282) esp_image: segment 4: paddr=00070fb8 vaddr=4008c3a0 size=01c18h (  7192) load[0m
[0;32mI (292) boot: Loaded app from partition at offset 0x10000[0m
[0;32mI (292) boot: Disabling RNG early entropy source...[0m
[0;32mI (304) cpu_start: Multicore app[0m
[0;32mI (304) cpu_start: Pro cpu up.[0m
[0;32mI (305) cpu_start: Starting app cpu, entry point is 0x400812b4[0m
[0;32mI (294) cpu_start: App cpu up.[0m
[0;32mI (325) cpu_start: Pro cpu start user code[0m
[0;32mI (325) cpu_start: cpu freq: 160000000 Hz[0m
[0;32mI (325) cpu_start: Application information:[0m
[0;32mI (329) cpu_start: Project name:     main[0m
[0;32mI (334) cpu_start: App version:      1[0m
[0;32mI (339) cpu_start: Compile time:     Feb 16 2024 21:31:35[0m
[0;32mI (345) cpu_start: ELF file SHA256:  032cc6822e985487...[0m
[0;32mI (351) cpu_start: ESP-IDF:          HEAD-HASH-NOTFOUND[0m
[0;32mI (356) cpu_start: Min chip rev:     v0.0[0m
[0;32mI (361) cpu_start: Max chip rev:     v3.99 [0m
[0;32mI (366) cpu_start: Chip rev:         v3.0[0m
[0;32mI (371) heap_init: Initializing. RAM available for dynamic allocation:[0m
[0;32mI (378) heap_init: At 3FFAE6E0 len 00001920 (6 KiB): DRAM[0m
[0;32mI (384) heap_init: At 3FFBB0D8 len 00024F28 (147 KiB): DRAM[0m
[0;32mI (390) heap_init: At 3FFE0440 len 00003AE0 (14 KiB): D/IRAM[0m
[0;32mI (397) heap_init: At 3FFE4350 len 0001BCB0 (111 KiB): D/IRAM[0m
[0;32mI (403) heap_init: At 4008DFB8 len 00012048 (72 KiB): IRAM[0m
[0;32mI (411) spi_flash: detected chip: generic[0m
[0;32mI (414) spi_flash: flash io: dio[0m
[0;32mI (419) app_start: Starting scheduler on CPU0[0m
[0;32mI (423) app_start: Starting scheduler on CPU1[0m
[0;32mI (423) main_task: Started on CPU0[0m
[0;32mI (433) main_task: Calling app_main()[0m
[0;32mI (433) example: Turn off LCD backlight[0m
[0;32mI (433) gpio: GPIO[2]| InputEn: 0| OutputEn: 1| OpenDrain: 0| Pullup: 0| Pulldown: 0| Intr:0 [0m
[0;32mI (443) example: Initialize SPI bus[0m
[0;32mI (453) example: Install panel IO[0m
[0;32mI (453) gpio: GPIO[5]| InputEn: 0| OutputEn: 1| OpenDrain: 0| Pullup: 0| Pulldown: 0| Intr:0 [0m
[0;31mE (463) lcd_panel: esp_lcd_panel_reset(15): invalid panel handle[0m
ESP_ERROR_CHECK failed: esp_err_t 0x102 (ESP_ERR_INVALID_ARG) at 0x400d62c1
file: "./main/main.c" line 308
func: app_main
expression: esp_lcd_panel_reset(panel_handle)

abort() was called at PC 0x40086a07 on core 0


Backtrace: 0x4008191a:0x3ffbd210 0x40086a11:0x3ffbd230 0x4008ca06:0x3ffbd250 0x40086a07:0x3ffbd2c0 0x400d62c1:0x3ffbd2f0 0x401107b7:0x3ffbd3d0 0x400890f5:0x3ffbd400




ELF file SHA256: 032cc6822e985487

Rebooting...
ets Jul 29 2019 12:21:46

rst:0xc (SW_CPU_RESET),boot:0x13 (SPI_FAST_FLASH_BOOT)
configsip: 0, SPIWP:0xee
clk_drv:0x00,q_drv:0x00,d_drv:0x00,cs0_drv:0x00,hd_drv:0x00,wp_drv:0x00
mode:DIO, clock div:2
load:0x3fff0030,len:7092
load:0x40078000,len:15584
ho 0 tail 12 room 4
load:0x40080400,len:4
load:0x40080404,len:3876
entry 0x4008064c
[0;32mI (31) boot: ESP-IDF HEAD-HASH-NOTFOUND 2nd stage bootloader[0m
[0;32mI (31) boot: compile time Feb 16 2024 21:32:16[0m
[0;32mI (32) boot: Multicore bootloader[0m
[0;32mI (36) boot: chip revision: v3.0[0m
[0;32mI (40) boot.esp32: SPI Speed      : 40MHz[0m
[0;32mI (45) boot.esp32: SPI Mode       : DIO[0m
[0;32mI (49) boot.esp32: SPI Flash Size : 4MB[0m
[0;32mI (54) boot: Enabling RNG early entropy source...[0m
[0;32mI (59) boot: Partition Table:[0m
[0;32mI (63) boot: ## Label            Usage          Type ST Offset   Length[0m
[0;32mI (70) boot:  0 nvs              WiFi data        01 02 00009000 00004000[0m
[0;32mI (78) boot:  1 otadata          OTA data         01 00 0000d000 00002000[0m
[0;32mI (85) boot:  2 phy_init         RF data          01 01 0000f000 00001000[0m
[0;32mI (93) boot:  3 factory          factory app      00 00 00010000 00100000[0m
[0;32mI (100) boot:  4 ota_0            OTA app          00 10 00110000 00100000[0m
[0;32mI (108) boot:  5 ota_1            OTA app          00 11 00210000 00100000[0m
[0;32mI (115) boot: End of partition table[0m
[0;32mI (119) boot: Defaulting to factory image[0m
[0;32mI (124) esp_image: segment 0: paddr=00010020 vaddr=3f400020 size=11920h ( 71968) map[0m
[0;32mI (159) esp_image: segment 1: paddr=00021948 vaddr=3ffb0000 size=02328h (  9000) load[0m
[0;32mI (162) esp_image: segment 2: paddr=00023c78 vaddr=40080000 size=0c3a0h ( 50080) load[0m
[0;32mI (185) esp_image: segment 3: paddr=00030020 vaddr=400d0020 size=40f90h (266128) map[0m
[0;32mI (282) esp_image: segment 4: paddr=00070fb8 vaddr=4008c3a0 size=01c18h (  7192) load[0m
[0;32mI (292) boot: Loaded app from partition at offset 0x10000[0m
[0;32mI (292) boot: Disabling RNG early entropy source...[0m
[0;32mI (304) cpu_start: Multicore app[0m
[0;32mI (304) cpu_start: Pro cpu up.[0m
[0;32mI (305) cpu_start: Starting app cpu, entry point is 0x400812b4[0m
[0;32mI (294) cpu_start: App cpu up.[0m
[0;32mI (325) cpu_start: Pro cpu start user code[0m
[0;32mI (325) cpu_start: cpu freq: 160000000 Hz[0m
[0;32mI (325) cpu_start: Application information:[0m
[0;32mI (329) cpu_start: Project name:     main[0m
[0;32mI (334) cpu_start: App version:      1[0m
[0;32mI (339) cpu_start: Compile time:     Feb 16 2024 21:31:35[0m
[0;32mI (345) cpu_start: ELF file SHA256:  032cc6822e985487...[0m
[0;32mI (351) cpu_start: ESP-IDF:          HEAD-HASH-NOTFOUND[0m
[0;32mI (356) cpu_start: Min chip rev:     v0.0[0m
[0;32mI (361) cpu_start: Max chip rev:     v3.99 [0m
[0;32mI (366) cpu_start: Chip rev:         v3.0[0m
[0;32mI (371) heap_init: Initializing. RAM available for dynamic allocation:[0m
[0;32mI (378) heap_init: At 3FFAE6E0 len 00001920 (6 KiB): DRAM[0m
[0;32mI (384) heap_init: At 3FFBB0D8 len 00024F28 (147 KiB): DRAM[0m
[0;32mI (390) heap_init: At 3FFE0440 len 00003AE0 (14 KiB): D/IRAM[0m
[0;32mI (397) heap_init: At 3FFE4350 len 0001BCB0 (111 KiB): D/IRAM[0m
[0;32mI (403) heap_init: At 4008DFB8 len 00012048 (72 KiB): IRAM[0m
[0;32mI (411) spi_flash: detected chip: generic[0m
[0;32mI (414) spi_flash: flash io: dio[0m
[0;32mI (419) app_start: Starting scheduler on CPU0[0m
[0;32mI (423) app_start: Starting scheduler on CPU1[0m
[0;32mI (423) main_task: Started on CPU0[0m
[0;32mI (433) main_task: Calling app_main()[0m
[0;32mI (433) example: Turn off LCD backlight[0m
[0;32mI (433) gpio: GPIO[2]| InputEn: 0| OutputEn: 1| OpenDrain: 0| Pullup: 0| Pulldown: 0| Intr:0 [0m
[0;32mI (443) example: Initialize SPI bus[0m
[0;32mI (453) example: Install panel IO[0m
[0;32mI (453) gpio: GPIO[5]| InputEn: 0| OutputEn: 1| OpenDrain: 0| Pullup: 0| Pulldown: 0| Intr:0 [0m
[0;31mE (463) lcd_panel: esp_lcd_panel_reset(15): invalid panel handle[0m
ESP_ERROR_CHECK failed: esp_err_t 0x102 (ESP_ERR_INVALID_ARG) at 0x400d62c1
file: "./main/main.c" line 308
func: app_main
expression: esp_lcd_panel_reset(panel_handle)

abort() was called at PC 0x40086a07 on core 0


Backtrace: 0x4008191a:0x3ffbd210 0x40086a11:0x3ffbd230 0x4008ca06:0x3ffbd250 0x40086a07:0x3ffbd2c0 0x400d62c1:0x3ffbd2f0 0x401107b7:0x3ffbd3d0 0x400890f5:0x3ffbd400




ELF file SHA256: 032cc6822e985487

Rebooting...
ets Jul 29 2019 12:21:46

rst:0xc (SW_CPU_RESET),boot:0x13 (SPI_FAST_FLASH_BOOT)
configsip: 0, SPIWP:0xee
clk_drv:0x00,q_drv:0x00,d_drv:0x00,cs0_drv:0x00,hd_drv:0x00,wp_drv:0x00
mode:DIO, clock div:2
load:0x3fff0030,len:7092
load:0x40078000,len:15584
ho 0 tail 12 room 4
load:0x40080400,len:4
load:0x40080404,len:3876
entry 0x4008064c
[0;32mI (31) boot: ESP-IDF HEAD-HASH-NOTFOUND 2nd stage bootloader[0m
[0;32mI (31) boot: compile time Feb 16 2024 21:32:16[0m
[0;32mI (32) boot: Multicore bootloader[0m
[0;32mI (36) boot: chip revision: v3.0[0m
[0;32mI (40) boot.esp32: SPI Speed      : 40MHz[0m
[0;32mI (45) boot.esp32: SPI Mode       : DIO[0m
[0;32mI (49) boot.esp32: SPI Flash Size : 4MB[0m
[0;32mI (54) boot: Enabling RNG early entropy source...[0m
[0;32mI (59) boot: Partition Table:[0m
[0;32mI (63) boot: ## Label            Usage          Type ST Offset   Length[0m
[0;32mI (70) boot:  0 nvs              WiFi data        01 02 00009000 00004000[0m
[0;32mI (78) boot:  1 otadata          OTA data         01 00 0000d000 00002000[0m
[0;32mI (85) boot:  2 phy_init         RF data          01 01 0000f000 00001000[0m
[0;32mI (93) boot:  3 factory          factory app      00 00 00010000 00100000[0m
[0;32mI (100) boot:  4 ota_0            OTA app          00 10 00110000 00100000[0m
[0;32mI (108) boot:  5 ota_1            OTA app          00 11 00210000 00100000[0m
[0;32mI (115) boot: End of partition table[0m
[0;32mI (119) boot: Defaulting to factory image[0m
[0;32mI (124) esp_image: segment 0: paddr=00010020 vaddr=3f400020 size=11920h ( 71968) map[0m
[0;32mI (159) esp_image: segment 1: paddr=00021948 vaddr=3ffb0000 size=02328h (  9000) load[0m
[0;32mI (162) esp_image: segment 2: paddr=00023c78 vaddr=40080000 size=0c3a0h ( 50080) load[0m
[0;32mI (185) esp_image: segment 3: paddr=00030020 vaddr=400d0020 size=40f90h (266128) map[0m
[0;32mI (282) esp_image: segment 4: paddr=00070fb8 vaddr=4008c3a0 size=01c18h (  7192) load[0m
[0;32mI (292) boot: Loaded app from partition at offset 0x10000[0m
[0;32mI (292) boot: Disabling RNG early entropy source...[0m
[0;32mI (304) cpu_start: Multicore app[0m
[0;32mI (304) cpu_start: Pro cpu up.[0m
[0;32mI (305) cpu_start: Starting app cpu, entry point is 0x400812b4[0m
[0;32mI (294) cpu_start: App cpu up.[0m
[0;32mI (325) cpu_start: Pro cpu start user code[0m
[0;32mI (325) cpu_start: cpu freq: 160000000 Hz[0m
[0;32mI (325) cpu_start: Application information:[0m
[0;32mI (329) cpu_start: Project name:     main[0m
[0;32mI (334) cpu_start: App version:      1[0m
[0;32mI (339) cpu_start: Compile time:     Feb 16 2024 21:31:35[0m
[0;32mI (345) cpu_start: ELF file SHA256:  032cc6822e985487...[0m
[0;32mI (351) cpu_start: ESP-IDF:          HEAD-HASH-NOTFOUND[0m
[0;32mI (356) cpu_start: Min chip rev:     v0.0[0m
[0;32mI (361) cpu_start: Max chip rev:     v3.99 [0m
[0;32mI (366) cpu_start: Chip rev:         v3.0[0m
[0;32mI (371) heap_init: Initializing. RAM available for dynamic allocation:[0m
[0;32mI (378) heap_init: At 3FFAE6E0 len 00001920 (6 KiB): DRAM[0m
[0;32mI (384) heap_init: At 3FFBB0D8 len 00024F28 (147 KiB): DRAM[0m
[0;32mI (390) heap_init: At 3FFE0440 len 00003AE0 (14 KiB): D/IRAM[0m
[0;32mI (397) heap_init: At 3FFE4350 len 0001BCB0 (111 KiB): D/IRAM[0m
[0;32mI (403) heap_init: At 4008DFB8 len 00012048 (72 KiB): IRAM[0m
[0;32mI (411) spi_flash: detected chip: generic[0m
[0;32mI (414) spi_flash: flash io: dio[0m
[0;32mI (419) app_start: Starting scheduler on CPU0[0m
[0;32mI (423) app_start: Starting scheduler on CPU1[0m
[0;32mI (423) main_task: Started on CPU0[0m
[0;32mI (433) main_task: Calling app_main()[0m
[0;32mI (433) example: Turn off LCD backlight[0m
[0;32mI (433) gpio: GPIO[2]| InputEn: 0| OutputEn: 1| OpenDrain: 0| Pullup: 0| Pulldown: 0| Intr:0 [0m
[0;32mI (443) example: Initialize SPI bus[0m
[0;32mI (453) example: Install panel IO[0m
[0;32mI (453) gpio: GPIO[5]| InputEn: 0| OutputEn: 1| OpenDrain: 0| Pullup: 0| Pulldown: 0| Intr:0 [0m
[0;31mE (463) lcd_panel: esp_lcd_panel_reset(15): invalid panel handle[0m
ESP_ERROR_CHECK failed: esp_err_t 0x102 (ESP_ERR_INVALID_ARG) at 0x400d62c1
file: "./main/main.c" line 308
func: app_main
expression: esp_lcd_panel_reset(panel_handle)

abort() was called at PC 0x40086a07 on core 0


Backtrace: 0x4008191a:0x3ffbd210 0x40086a11:0x3ffbd230 0x4008ca06:0x3ffbd250 0x40086a07:0x3ffbd2c0 0x400d62c1:0x3ffbd2f0 0x401107b7:0x3ffbd3d0 0x400890f5:0x3ffbd400




ELF file SHA256: 032cc6822e985487

Rebooting...
ets Jul 29 2019 12:21:46

rst:0xc (SW_CPU_RESET),boot:0x13 (SPI_FAST_FLASH_BOOT)
configsip: 0, SPIWP:0xee
clk_drv:0x00,q_drv:0x00,d_drv:0x00,cs0_drv:0x00,hd_drv:0x00,wp_drv:0x00
mode:DIO, clock div:2
load:0x3fff0030,len:7092
load:0x40078000,len:15584
ho 0 tail 12 room 4
load:0x40080400,len:4
load:0x40080404,len:3876
entry 0x4008064c
[0;32mI (31) boot: ESP-IDF HEAD-HASH-NOTFOUND 2nd stage bootloader[0m
[0;32mI (31) boot: compile time Feb 16 2024 21:32:16[0m
[0;32mI (32) boot: Multicore bootloader[0m
[0;32mI (36) boot: chip revision: v3.0[0m
[0;32mI (40) boot.esp32: SPI Speed      : 40MHz[0m
[0;32mI (45) boot.esp32: SPI Mode       : DIO[0m
[0;32mI (49) boot.esp32: SPI Flash Size : 4MB[0m
[0;32mI (54) boot: Enabling RNG early entropy source...[0m
[0;32mI (59) boot: Partition Table:[0m
[0;32mI (63) boot: ## Label            Usage          Type ST Offset   Length[0m
[0;32mI (70) boot:  0 nvs              WiFi data        01 02 00009000 00004000[0m
[0;32mI (78) boot:  1 otadata          OTA data         01 00 0000d000 00002000[0m
[0;32mI (85) boot:  2 phy_init         RF data          01 01 0000f000 00001000[0m
[0;32mI (93) boot:  3 factory          factory app      00 00 00010000 00100000[0m
[0;32mI (100) boot:  4 ota_0            OTA app          00 10 00110000 00100000[0m
[0;32mI (108) boot:  5 ota_1            OTA app          00 11 00210000 00100000[0m
[0;32mI (115) boot: End of partition table[0m
[0;32mI (119) boot: Defaulting to factory image[0m
[0;32mI (124) esp_image: segment 0: paddr=00010020 vaddr=3f400020 size=11920h ( 71968) map[0m
[0;32mI (159) esp_image: segment 1: paddr=00021948 vaddr=3ffb0000 size=02328h (  9000) load[0m
[0;32mI (162) esp_image: segment 2: paddr=00023c78 vaddr=40080000 size=0c3a0h ( 50080) load[0m
[0;32mI (185) esp_image: segment 3: paddr=00030020 vaddr=400d0020 size=40f90h (266128) map[0m
[0;32mI (282) esp_image: segment 4: paddr=00070fb8 vaddr=4008c3a0 size=01c18h (  7192) load[0m
[0;32mI (292) boot: Loaded app from partition at offset 0x10000[0m
[0;32mI (292) boot: Disabling RNG early entropy source...[0m
[0;32mI (304) cpu_start: Multicore app[0m
[0;32mI (304) cpu_start: Pro cpu up.[0m
[0;32mI (305) cpu_start: Starting app cpu, entry point is 0x400812b4[0m
[0;32mI (294) cpu_start: App cpu up.[0m
[0;32mI (325) cpu_start: Pro cpu start user code[0m
[0;32mI (325) cpu_start: cpu freq: 160000000 Hz[0m
[0;32mI (325) cpu_start: Application information:[0m
[0;32mI (329) cpu_start: Project name:     main[0m
[0;32mI (334) cpu_start: App version:      1[0m
[0;32mI (339) cpu_start: Compile time:     Feb 16 2024 21:31:35[0m
[0;32mI (345) cpu_start: ELF file SHA256:  032cc6822e985487...[0m
[0;32mI (351) cpu_start: ESP-IDF:          HEAD-HASH-NOTFOUND[0m
[0;32mI (356) cpu_start: Min chip rev:     v0.0[0m
[0;32mI (361) cpu_start: Max chip rev:     v3.99 [0m
[0;32mI (366) cpu_start: Chip rev:         v3.0[0m
[0;32mI (371) heap_init: Initializing. RAM available for dynamic allocation:[0m
[0;32mI (378) heap_init: At 3FFAE6E0 len 00001920 (6 KiB): DRAM[0m
[0;32mI (384) heap_init: At 3FFBB0D8 len 00024F28 (147 KiB): DRAM[0m
[0;32mI (390) heap_init: At 3FFE0440 len 00003AE0 (14 KiB): D/IRAM[0m
[0;32mI (397) heap_init: At 3FFE4350 len 0001BCB0 (111 KiB): D/IRAM[0m
[0;32mI (403) heap_init: At 4008DFB8 len 00012048 (72 KiB): IRAM[0m
[0;32mI (411) spi_flash: detected chip: generic[0m
[0;32mI (414) spi_flash: flash io: dio[0m
[0;32mI (418) app_start: Starting scheduler on CPU0[0m
[0;32mI (423) app_start: Starting scheduler on CPU1[0m
[0;32mI (423) main_task: Started on CPU0[0m
[0;32mI (433) main_task: Calling app_main()[0m
[0;32mI (433) example: Turn off LCD backlight[0m
[0;32mI (433) gpio: GPIO[2]| InputEn: 0| OutputEn: 1| OpenDrain: 0| Pullup: 0| Pulldown: 0| Intr:0 [0m
[0;32mI (443) example: Initialize SPI bus[0m
[0;32mI (453) example: Install panel IO[0m
[0;32mI (453) gpio: GPIO[5]| InputEn: 0| OutputEn: 1| OpenDrain: 0| Pullup: 0| Pulldown: 0| Intr:0 [0m
[0;31mE (463) lcd_panel: esp_lcd_panel_reset(15): invalid panel handle[0m
ESP_ERROR_CHECK failed: esp_err_t 0x102 (ESP_ERR_INVALID_ARG) at 0x400d62c1
file: "./main/main.c" line 308
func: app_main
expression: esp_lcd_panel_reset(panel_handle)

abort() was called at PC 0x40086a07 on core 0


Backtrace: 0x4008191a:0x3ffbd210 0x40086a11:0x3ffbd230 0x4008ca06:0x3ffbd250 0x40086a07:0x3ffbd2c0 0x400d62c1:0x3ffbd2f0 0x401107b7:0x3ffbd3d0 0x400890f5:0x3ffbd400




ELF file SHA256: 032cc6822e985487

Rebooting...
ets Jul 29 2019 12:21:46

rst:0xc (SW_CPU_RESET),boot:0x13 (SPI_FAST_FLASH_BOOT)
configsip: 0, SPIWP:0xee
clk_drv:0x00,q_drv:0x00,d_drv:0x00,cs0_drv:0x00,hd_drv:0x00,wp_drv:0x00
mode:DIO, clock div:2
load:0x3fff0030,len:7092
load:0x40078000,len:15584
ho 0 tail 12 room 4
load:0x40080400,len:4
load:0x40080404,len:3876
entry 0x4008064c
[0;32mI (31) boot: ESP-IDF HEAD-HASH-NOTFOUND 2nd stage bootloader[0m
[0;32mI (31) boot: compile time Feb 16 2024 21:32:16[0m
[0;32mI (32) boot: Multicore bootloader[0m
[0;32mI (36) boot: chip revision: v3.0[0m
[0;32mI (40) boot.esp32: SPI Speed      : 40MHz[0m
[0;32mI (45) boot.esp32: SPI Mode       : DIO[0m
[0;32mI (49) boot.esp32: SPI Flash Size : 4MB[0m
[0;32mI (54) boot: Enabling RNG early entropy source...[0m
[0;32mI (59) boot: Partition Table:[0m
[0;32mI (63) boot: ## Label            Usage          Type ST Offset   Length[0m
[0;32mI (70) boot:  0 nvs              WiFi data        01 02 00009000 00004000[0m
[0;32mI (78) boot:  1 otadata          OTA data         01 00 0000d000 00002000[0m
[0;32mI (85) boot:  2 phy_init         RF data          01 01 0000f000 00001000[0m
[0;32mI (93) boot:  3 factory          factory app      00 00 00010000 00100000[0m
[0;32mI (100) boot:  4 ota_0            OTA app          00 10 00110000 00100000[0m
[0;32mI (108) boot:  5 ota_1            OTA app          00 11 00210000 00100000[0m
[0;32mI (115) boot: End of partition table[0m
[0;32mI (119) boot: Defaulting to factory image[0m
[0;32mI (124) esp_image: segment 0: paddr=00010020 vaddr=3f400020 size=11920h ( 71968) map[0m
[0;32mI (159) esp_image: segment 1: paddr=00021948 vaddr=3ffb0000 size=02328h (  9000) load[0m
[0;32mI (162) esp_image: segment 2: paddr=00023c78 vaddr=40080000 size=0c3a0h ( 50080) load[0m
[0;32mI (185) esp_image: segment 3: paddr=00030020 vaddr=400d0020 size=40f90h (266128) map[0m
[0;32mI (282) esp_image: segment 4: paddr=00070fb8 vaddr=4008c3a0 size=01c18h (  7192) load[0m
[0;32mI (292) boot: Loaded app from partition at offset 0x10000[0m
[0;32mI (292) boot: Disabling RNG early entropy source...[0m
[0;32mI (304) cpu_start: Multicore app[0m
[0;32mI (304) cpu_start: Pro cpu up.[0m
[0;32mI (305) cpu_start: Starting app cpu, entry point is 0x400812b4[0m
[0;32mI (294) cpu_start: App cpu up.[0m
[0;32mI (325) cpu_start: Pro cpu start user code[0m
[0;32mI (325) cpu_start: cpu freq: 160000000 Hz[0m
[0;32mI (325) cpu_start: Application information:[0m
[0;32mI (329) cpu_start: Project name:     main[0m
[0;32mI (334) cpu_start: App version:      1[0m
[0;32mI (339) cpu_start: Compile time:     Feb 16 2024 21:31:35[0m
[0;32mI (345) cpu_start: ELF file SHA256:  032cc6822e985487...[0m
[0;32mI (351) cpu_start: ESP-IDF:          HEAD-HASH-NOTFOUND[0m
[0;32mI (356) cpu_start: Min chip rev:     v0.0[0m
[0;32mI (361) cpu_start: Max chip rev:     v3.99 [0m
[0;32mI (366) cpu_start: Chip rev:         v3.0[0m
[0;32mI (371) heap_init: Initializing. RAM available for dynamic allocation:[0m
[0;32mI (378) heap_init: At 3FFAE6E0 len 00001920 (6 KiB): DRAM[0m
[0;32mI (384) heap_init: At 3FFBB0D8 len 00024F28 (147 KiB): DRAM[0m
[0;32mI (390) heap_init: At 3FFE0440 len 00003AE0 (14 KiB): D/IRAM[0m
[0;32mI (397) heap_init: At 3FFE4350 len 0001BCB0 (111 KiB): D/IRAM[0m
[0;32mI (403) heap_init: At 4008DFB8 len 00012048 (72 KiB): IRAM[0m
[0;32mI (411) spi_flash: detected chip: generic[0m
[0;32mI (414) spi_flash: flash io: dio[0m
[0;32mI (418) app_start: Starting scheduler on CPU0[0m
[0;32mI (423) app_start: Starting scheduler on CPU1[0m
[0;32mI (423) main_task: Started on CPU0[0m
[0;32mI (433) main_task: Calling app_main()[0m
[0;32mI (433) example: Turn off LCD backlight[0m
[0;32mI (433) gpio: GPIO[2]| InputEn: 0| OutputEn: 1| OpenDrain: 0| Pullup: 0| Pulldown: 0| Intr:0 [0m
[0;32mI (443) example: Initialize SPI bus[0m
[0;32mI (453) example: Install panel IO[0m
[0;32mI (453) gpio: GPIO[5]| InputEn: 0| OutputEn: 1| OpenDrain: 0| Pullup: 0| Pulldown: 0| Intr:0 [0m
[0;31mE (463) lcd_panel: esp_lcd_panel_reset(15): invalid panel handle[0m
ESP_ERROR_CHECK failed: esp_err_t 0x102 (ESP_ERR_INVALID_ARG) at 0x400d62c1
file: "./main/main.c" line 308
func: app_main
expression: esp_lcd_panel_reset(panel_handle)

abort() was called at PC 0x40086a07 on core 0


Backtrace: 0x4008191a:0x3ffbd210 0x40086a11:0x3ffbd230 0x4008ca06:0x3ffbd250 0x40086a07:0x3ffbd2c0 0x400d62c1:0x3ffbd2f0 0x401107b7:0x3ffbd3d0 0x400890f5:0x3ffbd400




ELF file SHA256: 032cc6822e985487

Rebooting...
ets Jul 29 2019 12:21:46

rst:0xc (SW_CPU_RESET),boot:0x13 (SPI_FAST_FLASH_BOOT)
configsip: 0, SPIWP:0xee
clk_drv:0x00,q_drv:0x00,d_drv:0x00,cs0_drv:0x00,hd_drv:0x00,wp_drv:0x00
mode:DIO, clock div:2
load:0x3fff0030,len:7092
load:0x40078000,len:15584
ho 0 tail 12 room 4
load:0x40080400,len:4
load:0x40080404,len:3876
entry 0x4008064c
[0;32mI (31) boot: ESP-IDF HEAD-HASH-NOTFOUND 2nd stage bootloader[0m
[0;32mI (31) boot: compile time Feb 16 2024 21:32:16[0m
[0;32mI (32) boot: Multicore bootloader[0m
[0;32mI (36) boot: chip revision: v3.0[0m
[0;32mI (40) boot.esp32: SPI Speed      : 40MHz[0m
[0;32mI (45) boot.esp32: SPI Mode       : DIO[0m
[0;32mI (49) boot.esp32: SPI Flash Size : 4MB[0m
[0;32mI (54) boot: Enabling RNG early entropy source...[0m
[0;32mI (59) boot: Partition Table:[0m
[0;32mI (63) boot: ## Label            Usage          Type ST Offset   Length[0m
[0;32mI (70) boot:  0 nvs              WiFi data        01 02 00009000 00004000[0m
[0;32mI (78) boot:  1 otadata          OTA data         01 00 0000d000 00002000[0m
[0;32mI (85) boot:  2 phy_init         RF data          01 01 0000f000 00001000[0m
[0;32mI (93) boot:  3 factory          factory app      00 00 00010000 00100000[0m
[0;32mI (100) boot:  4 ota_0            OTA app          00 10 00110000 00100000[0m
[0;32mI (108) boot:  5 ota_1            OTA app          00 11 00210000 00100000[0m
[0;32mI (115) boot: End of partition table[0m
[0;32mI (119) boot: Defaulting to factory image[0m
[0;32mI (124) esp_image: segment 0: paddr=00010020 vaddr=3f400020 size=11920h ( 71968) map[0m
[0;32mI (159) esp_image: segment 1: paddr=00021948 vaddr=3ffb0000 size=02328h (  9000) load[0m
[0;32mI (162) esp_image: segment 2: paddr=00023c78 vaddr=40080000 size=0c3a0h ( 50080) load[0m
[0;32mI (185) esp_image: segment 3: paddr=00030020 vaddr=400d0020 size=40f90h (266128) map[0m
[0;32mI (282) esp_image: segment 4: paddr=00070fb8 vaddr=4008c3a0 size=01c18h (  7192) load[0m
[0;32mI (292) boot: Loaded app from partition at offset 0x10000[0m
[0;32mI (292) boot: Disabling RNG early entropy source...[0m
[0;32mI (304) cpu_start: Multicore app[0m
[0;32mI (304) cpu_start: Pro cpu up.[0m
[0;32mI (305) cpu_start: Starting app cpu, entry point is 0x400812b4[0m
[0;32mI (294) cpu_start: App cpu up.[0m
[0;32mI (325) cpu_start: Pro cpu start user code[0m
[0;32mI (325) cpu_start: cpu freq: 160000000 Hz[0m
[0;32mI (325) cpu_start: Application information:[0m
[0;32mI (329) cpu_start: Project name:     main[0m
[0;32mI (334) cpu_start: App version:      1[0m
[0;32mI (339) cpu_start: Compile time:     Feb 16 2024 21:31:35[0m
[0;32mI (345) cpu_start: ELF file SHA256:  032cc6822e985487...[0m
[0;32mI (351) cpu_start: ESP-IDF:          HEAD-HASH-NOTFOUND[0m
[0;32mI (356) cpu_start: Min chip rev:     v0.0[0m
[0;32mI (361) cpu_start: Max chip rev:     v3.99 [0m
[0;32mI (366) cpu_start: Chip rev:         v3.0[0m
[0;32mI (371) heap_init: Initializing. RAM available for dynamic allocation:[0m
[0;32mI (378) heap_init: At 3FFAE6E0 len 00001920 (6 KiB): DRAM[0m
[0;32mI (384) heap_init: At 3FFBB0D8 len 00024F28 (147 KiB): DRAM[0m
[0;32mI (390) heap_init: At 3FFE0440 len 00003AE0 (14 KiB): D/IRAM[0m
[0;32mI (397) heap_init: At 3FFE4350 len 0001BCB0 (111 KiB): D/IRAM[0m
[0;32mI (403) heap_init: At 4008DFB8 len 00012048 (72 KiB): IRAM[0m
[0;32mI (411) spi_flash: detected chip: generic[0m
[0;32mI (414) spi_flash: flash io: dio[0m
[0;32mI (418) app_start: Starting scheduler on CPU0[0m
[0;32mI (423) app_start: Starting scheduler on CPU1[0m
[0;32mI (423) main_task: Started on CPU0[0m
[0;32mI (433) main_task: Calling app_main()[0m
[0;32mI (433) example: Turn off LCD backlight[0m
[0;32mI (433) gpio: GPIO[2]| InputEn: 0| OutputEn: 1| OpenDrain: 0| Pullup: 0| Pulldown: 0| Intr:0 [0m
[0;32mI (443) example: Initialize SPI bus[0m
[0;32mI (453) example: Install panel IO[0m
[0;32mI (453) gpio: GPIO[5]| InputEn: 0| OutputEn: 1| OpenDrain: 0| Pullup: 0| Pulldown: 0| Intr:0 [0m
[0;31mE (463) lcd_panel: esp_lcd_panel_reset(15): invalid panel handle[0m
ESP_ERROR_CHECK failed: esp_err_t 0x102 (ESP_ERR_INVALID_ARG) at 0x400d62c1
file: "./main/main.c" line 308
func: app_main
expression: esp_lcd_panel_reset(panel_handle)

abort() was called at PC 0x40086a07 on core 0


Backtrace: 0x4008191a:0x3ffbd210 0x40086a11:0x3ffbd230 0x4008ca06:0x3ffbd250 0x40086a07:0x3ffbd2c0 0x400d62c1:0x3ffbd2f0 0x401107b7:0x3ffbd3d0 0x400890f5:0x3ffbd400




ELF file SHA256: 032cc6822e985487

Rebooting...
ets Jul 29 2019 12:21:46

rst:0xc (SW_CPU_RESET),boot:0x13 (SPI_FAST_FLASH_BOOT)
configsip: 0, SPIWP:0xee
clk_drv:0x00,q_drv:0x00,d_drv:0x00,cs0_drv:0x00,hd_drv:0x00,wp_drv:0x00
mode:DIO, clock div:2
load:0x3fff0030,len:7092
load:0x40078000,len:15584
ho 0 tail 12 room 4
load:0x40080400,len:4
load:0x40080404,len:3876
entry 0x4008064c
[0;32mI (31) boot: ESP-IDF HEAD-HASH-NOTFOUND 2nd stage bootloader[0m
[0;32mI (31) boot: compile time Feb 16 2024 21:32:16[0m
[0;32mI (32) boot: Multicore bootloader[0m
[0;32mI (36) boot: chip revision: v3.0[0m
[0;32mI (40) boot.esp32: SPI Speed      : 40MHz[0m
[0;32mI (45) boot.esp32: SPI Mode       : DIO[0m
[0;32mI (49) boot.esp32: SPI Flash Size : 4MB[0m
[0;32mI (54) boot: Enabling RNG early entropy source...[0m
[0;32mI (59) boot: Partition Table:[0m
[0;32mI (63) boot: ## Label            Usage          Type ST Offset   Length[0m
[0;32mI (70) boot:  0 nvs              WiFi data        01 02 00009000 00004000[0m
[0;32mI (78) boot:  1 otadata          OTA data         01 00 0000d000 00002000[0m
[0;32mI (85) boot:  2 phy_init         RF data          01 01 0000f000 00001000[0m
[0;32mI (93) boot:  3 factory          factory app      00 00 00010000 00100000[0m
[0;32mI (100) boot:  4 ota_0            OTA app          00 10 00110000 00100000[0m
[0;32mI (108) boot:  5 ota_1            OTA app          00 11 00210000 00100000[0m
[0;32mI (115) boot: End of partition table[0m
[0;32mI (119) boot: Defaulting to factory image[0m
[0;32mI (124) esp_image: segment 0: paddr=00010020 vaddr=3f400020 size=11920h ( 71968) map[0m
[0;32mI (159) esp_image: segment 1: paddr=00021948 vaddr=3ffb0000 size=02328h (  9000) load[0m
[0;32mI (162) esp_image: segment 2: paddr=00023c78 vaddr=40080000 size=0c3a0h ( 50080) load[0m
[0;32mI (185) esp_image: segment 3: paddr=00030020 vaddr=400d0020 size=40f90h (266128) map[0m
[0;32mI (282) esp_image: segment 4: paddr=00070fb8 vaddr=4008c3a0 size=01c18h (  7192) load[0m
[0;32mI (292) boot: Loaded app from partition at offset 0x10000[0m
[0;32mI (292) boot: Disabling RNG early entropy source...[0m
[0;32mI (304) cpu_start: Multicore app[0m
[0;32mI (304) cpu_start: Pro cpu up.[0m
[0;32mI (305) cpu_start: Starting app cpu, entry point is 0x400812b4[0m
[0;32mI (294) cpu_start: App cpu up.[0m
[0;32mI (325) cpu_start: Pro cpu start user code[0m
[0;32mI (325) cpu_start: cpu freq: 160000000 Hz[0m
[0;32mI (325) cpu_start: Application information:[0m
[0;32mI (329) cpu_start: Project name:     main[0m
[0;32mI (334) cpu_start: App version:      1[0m
[0;32mI (339) cpu_start: Compile time:     Feb 16 2024 21:31:35[0m
[0;32mI (345) cpu_start: ELF file SHA256:  032cc6822e985487...[0m
[0;32mI (351) cpu_start: ESP-IDF:          HEAD-HASH-NOTFOUND[0m
[0;32mI (356) cpu_start: Min chip rev:     v0.0[0m
[0;32mI (361) cpu_start: Max chip rev:     v3.99 [0m
[0;32mI (366) cpu_start: Chip rev:         v3.0[0m
[0;32mI (371) heap_init: Initializing. RAM available for dynamic allocation:[0m
[0;32mI (378) heap_init: At 3FFAE6E0 len 00001920 (6 KiB): DRAM[0m
[0;32mI (384) heap_init: At 3FFBB0D8 len 00024F28 (147 KiB): DRAM[0m
[0;32mI (390) heap_init: At 3FFE0440 len 00003AE0 (14 KiB): D/IRAM[0m
[0;32mI (397) heap_init: At 3FFE4350 len 0001BCB0 (111 KiB): D/IRAM[0m
[0;32mI (403) heap_init: At 4008DFB8 len 00012048 (72 KiB): IRAM[0m
[0;32mI (411) spi_flash: detected chip: generic[0m
[0;32mI (414) spi_flash: flash io: dio[0m
[0;32mI (418) app_start: Starting scheduler on CPU0[0m
[0;32mI (423) app_start: Starting scheduler on CPU1[0m
[0;32mI (423) main_task: Started on CPU0[0m
[0;32mI (433) main_task: Calling app_main()[0m
[0;32mI (433) example: Turn off LCD backlight[0m
[0;32mI (433) gpio: GPIO[2]| InputEn: 0| OutputEn: 1| OpenDrain: 0| Pullup: 0| Pulldown: 0| Intr:0 [0m
[0;32mI (443) example: Initialize SPI bus[0m
[0;32mI (453) example: Install panel IO[0m
[0;32mI (453) gpio: GPIO[5]| InputEn: 0| OutputEn: 1| OpenDrain: 0| Pullup: 0| Pulldown: 0| Intr:0 [0m
[0;31mE (463) lcd_panel: esp_lcd_panel_reset(15): invalid panel handle[0m
ESP_ERROR_CHECK failed: esp_err_t 0x102 (ESP_ERR_INVALID_ARG) at 0x400d62c1
file: "./main/main.c" line 308
func: app_main
expression: esp_lcd_panel_reset(panel_handle)

abort() was called at PC 0x40086a07 on core 0


Backtrace: 0x4008191a:0x3ffbd210 0x40086a11:0x3ffbd230 0x4008ca06:0x3ffbd250 0x40086a07:0x3ffbd2c0 0x400d62c1:0x3ffbd2f0 0x401107b7:0x3ffbd3d0 0x400890f5:0x3ffbd400




ELF file SHA256: 032cc6822e985487

Rebooting...
ets Jul 29 2019 12:21:46

rst:0xc (SW_CPU_RESET),boot:0x13 (SPI_FAST_FLASH_BOOT)
configsip: 0, SPIWP:0xee
clk_drv:0x00,q_drv:0x00,d_drv:0x00,cs0_drv:0x00,hd_drv:0x00,wp_drv:0x00
mode:DIO, clock div:2
load:0x3fff0030,len:7092
load:0x40078000,len:15584
ho 0 tail 12 room 4
load:0x40080400,len:4
load:0x40080404,len:3876
entry 0x4008064c
[0;32mI (31) boot: ESP-IDF HEAD-HASH-NOTFOUND 2nd stage bootloader[0m
[0;32mI (31) boot: compile time Feb 16 2024 21:32:16[0m
[0;32mI (32) boot: Multicore bootloader[0m
[0;32mI (36) boot: chip revision: v3.0[0m
[0;32mI (40) boot.esp32: SPI Speed      : 40MHz[0m
[0;32mI (45) boot.esp32: SPI Mode       : DIO[0m
[0;32mI (49) boot.esp32: SPI Flash Size : 4MB[0m
[0;32mI (54) boot: Enabling RNG early entropy source...[0m
[0;32mI (59) boot: Partition Table:[0m
[0;32mI (63) boot: ## Label            Usage          Type ST Offset   Length[0m
[0;32mI (70) boot:  0 nvs              WiFi data        01 02 00009000 00004000[0m
[0;32mI (78) boot:  1 otadata          OTA data         01 00 0000d000 00002000[0m
[0;32mI (85) boot:  2 phy_init         RF data          01 01 0000f000 00001000[0m
[0;32mI (93) boot:  3 factory          factory app      00 00 00010000 00100000[0m
[0;32mI (100) boot:  4 ota_0            OTA app          00 10 00110000 00100000[0m
[0;32mI (108) boot:  5 ota_1            OTA app          00 11 00210000 00100000[0m
[0;32mI (115) boot: End of partition table[0m
[0;32mI (119) boot: Defaulting to factory image[0m
[0;32mI (124) esp_image: segment 0: paddr=00010020 vaddr=3f400020 size=11920h ( 71968) map[0m
[0;32mI (159) esp_image: segment 1: paddr=00021948 vaddr=3ffb0000 size=02328h (  9000) load[0m
[0;32mI (162) esp_image: segment 2: paddr=00023c78 vaddr=40080000 size=0c3a0h ( 50080) load[0m
[0;32mI (185) esp_image: segment 3: paddr=00030020 vaddr=400d0020 size=40f90h (266128) map[0m
[0;32mI (282) esp_image: segment 4: paddr=00070fb8 vaddr=4008c3a0 size=01c18h (  7192) load[0m
[0;32mI (292) boot: Loaded app from partition at offset 0x10000[0m
[0;32mI (292) boot: Disabling RNG early entropy source...[0m
[0;32mI (304) cpu_start: Multicore app[0m
[0;32mI (304) cpu_start: Pro cpu up.[0m
[0;32mI (305) cpu_start: Starting app cpu, entry point is 0x400812b4[0m
[0;32mI (294) cpu_start: App cpu up.[0m
[0;32mI (325) cpu_start: Pro cpu start user code[0m
[0;32mI (325) cpu_start: cpu freq: 160000000 Hz[0m
[0;32mI (325) cpu_start: Application information:[0m
[0;32mI (329) cpu_start: Project name:     main[0m
[0;32mI (334) cpu_start: App version:      1[0m
[0;32mI (339) cpu_start: Compile time:     Feb 16 2024 21:31:35[0m
[0;32mI (345) cpu_start: ELF file SHA256:  032cc6822e985487...[0m
[0;32mI (351) cpu_start: ESP-IDF:          HEAD-HASH-NOTFOUND[0m
[0;32mI (356) cpu_start: Min chip rev:     v0.0[0m
[0;32mI (361) cpu_start: Max chip rev:     v3.99 [0m
[0;32mI (366) cpu_start: Chip rev:         v3.0[0m
[0;32mI (371) heap_init: Initializing. RAM available for dynamic allocation:[0m
[0;32mI (378) heap_init: At 3FFAE6E0 len 00001920 (6 KiB): DRAM[0m
[0;32mI (384) heap_init: At 3FFBB0D8 len 00024F28 (147 KiB): DRAM[0m
[0;32mI (390) heap_init: At 3FFE0440 len 00003AE0 (14 KiB): D/IRAM[0m
[0;32mI (397) heap_init: At 3FFE4350 len 0001BCB0 (111 KiB): D/IRAM[0m
[0;32mI (403) heap_init: At 4008DFB8 len 00012048 (72 KiB): IRAM[0m
[0;32mI (411) spi_flash: detected chip: generic[0m
[0;32mI (414) spi_flash: flash io: dio[0m
[0;32mI (419) app_start: Starting scheduler on CPU0[0m
[0;32mI (423) app_start: Starting scheduler on CPU1[0m
[0;32mI (423) main_task: Started on CPU0[0m
[0;32mI (433) main_task: Calling app_main()[0m
[0;32mI (433) example: Turn off LCD backlight[0m
[0;32mI (433) gpio: GPIO[2]| InputEn: 0| OutputEn: 1| OpenDrain: 0| Pullup: 0| Pulldown: 0| Intr:0 [0m
[0;32mI (443) example: Initialize SPI bus[0m
[0;32mI (453) example: Install panel IO[0m
[0;32mI (453) gpio: GPIO[5]| InputEn: 0| OutputEn: 1| OpenDrain: 0| Pullup: 0| Pulldown: 0| Intr:0 [0m
[0;31mE (463) lcd_panel: esp_lcd_panel_reset(15): invalid panel handle[0m
ESP_ERROR_CHECK failed: esp_err_t 0x102 (ESP_ERR_INVALID_ARG) at 0x400d62c1
file: "./main/main.c" line 308
func: app_main
expression: esp_lcd_panel_reset(panel_handle)

abort() was called at PC 0x40086a07 on core 0


Backtrace: 0x4008191a:0x3ffbd210 0x40086a11:0x3ffbd230 0x4008ca06:0x3ffbd250 0x40086a07:0x3ffbd2c0 0x400d62c1:0x3ffbd2f0 0x401107b7:0x3ffbd3d0 0x400890f5:0x3ffbd400




ELF file SHA256: 032cc6822e985487

Rebooting...
ets Jul 29 2019 12:21:46

rst:0xc (SW_CPU_RESET),boot:0x13 (SPI_FAST_FLASH_BOOT)
configsip: 0, SPIWP:0xee
clk_drv:0x00,q_drv:0x00,d_drv:0x00,cs0_drv:0x00,hd_drv:0x00,wp_drv:0x00
mode:DIO, clock div:2
load:0x3fff0030,len:7092
load:0x40078000,len:15584
ho 0 tail 12 room 4
load:0x40080400,len:4
load:0x40080404,len:3876
entry 0x4008064c
[0;32mI (31) boot: ESP-IDF HEAD-HASH-NOTFOUND 2nd stage bootloader[0m
[0;32mI (31) boot: compile time Feb 16 2024 21:32:16[0m
[0;32mI (32) boot: Multicore bootloader[0m
[0;32mI (36) boot: chip revision: v3.0[0m
[0;32mI (40) boot.esp32: SPI Speed      : 40MHz[0m
[0;32mI (45) boot.esp32: SPI Mode       : DIO[0m
[0;32mI (49) boot.esp32: SPI Flash Size : 4MB[0m
[0;32mI (54) boot: Enabling RNG early entropy source...[0m
[0;32mI (59) boot: Partition Table:[0m
[0;32mI (63) boot: ## Label            Usage          Type ST Offset   Length[0m
[0;32mI (70) boot:  0 nvs              WiFi data        01 02 00009000 00004000[0m
[0;32mI (78) boot:  1 otadata          OTA data         01 00 0000d000 00002000[0m
[0;32mI (85) boot:  2 phy_init         RF data          01 01 0000f000 00001000[0m
[0;32mI (93) boot:  3 factory          factory app      00 00 00010000 00100000[0m
[0;32mI (100) boot:  4 ota_0            OTA app          00 10 00110000 00100000[0m
[0;32mI (108) boot:  5 ota_1            OTA app          00 11 00210000 00100000[0m
[0;32mI (115) boot: End of partition table[0m
[0;32mI (119) boot: Defaulting to factory image[0m
[0;32mI (124) esp_image: segment 0: paddr=00010020 vaddr=3f400020 size=11920h ( 71968) map[0m
[0;32mI (159) esp_image: segment 1: paddr=00021948 vaddr=3ffb0000 size=02328h (  9000) load[0m
[0;32mI (162) esp_image: segment 2: paddr=00023c78 vaddr=40080000 size=0c3a0h ( 50080) load[0m
[0;32mI (185) esp_image: segment 3: paddr=00030020 vaddr=400d0020 size=40f90h (266128) map[0m
[0;32mI (282) esp_image: segment 4: paddr=00070fb8 vaddr=4008c3a0 size=01c18h (  7192) load[0m
[0;32mI (292) boot: Loaded app from partition at offset 0x10000[0m
[0;32mI (292) boot: Disabling RNG early entropy source...[0m
[0;32mI (304) cpu_start: Multicore app[0m
[0;32mI (304) cpu_start: Pro cpu up.[0m
[0;32mI (305) cpu_start: Starting app cpu, entry point is 0x400812b4[0m
[0;32mI (294) cpu_start: App cpu up.[0m
[0;32mI (325) cpu_start: Pro cpu start user code[0m
[0;32mI (325) cpu_start: cpu freq: 160000000 Hz[0m
[0;32mI (325) cpu_start: Application information:[0m
[0;32mI (329) cpu_start: Project name:     main[0m
[0;32mI (334) cpu_start: App version:      1[0m
[0;32mI (339) cpu_start: Compile time:     Feb 16 2024 21:31:35[0m
[0;32mI (345) cpu_start: ELF file SHA256:  032cc6822e985487...[0m
[0;32mI (351) cpu_start: ESP-IDF:          HEAD-HASH-NOTFOUND[0m
[0;32mI (356) cpu_start: Min chip rev:     v0.0[0m
[0;32mI (361) cpu_start: Max chip rev:     v3.99 [0m
[0;32mI (366) cpu_start: Chip rev:         v3.0[0m
[0;32mI (371) heap_init: Initializing. RAM available for dynamic allocation:[0m
[0;32mI (378) heap_init: At 3FFAE6E0 len 00001920 (6 KiB): DRAM[0m
[0;32mI (384) heap_init: At 3FFBB0D8 len 00024F28 (147 KiB): DRAM[0m
[0;32mI (390) heap_init: At 3FFE0440 len 00003AE0 (14 KiB): D/IRAM[0m
[0;32mI (397) heap_init: At 3FFE4350 len 0001BCB0 (111 KiB): D/IRAM[0m
[0;32mI (403) heap_init: At 4008DFB8 len 00012048 (72 KiB): IRAM[0m
[0;32mI (411) spi_flash: detected chip: generic[0m
[0;32mI (414) spi_flash: flash io: dio[0m
[0;32mI (419) app_start: Starting scheduler on CPU0[0m
[0;32mI (423) app_start: Starting scheduler on CPU1[0m
[0;32mI (423) main_task: Started on CPU0[0m
[0;32mI (433) main_task: Calling app_main()[0m
[0;32mI (433) example: Turn off LCD backlight[0m
[0;32mI (433) gpio: GPIO[2]| InputEn: 0| OutputEn: 1| OpenDrain: 0| Pullup: 0| Pulldown: 0| Intr:0 [0m
[0;32mI (443) example: Initialize SPI bus[0m
[0;32mI (453) example: Install panel IO[0m
[0;32mI (453) gpio: GPIO[5]| InputEn: 0| OutputEn: 1| OpenDrain: 0| Pullup: 0| Pulldown: 0| Intr:0 [0m
[0;31mE (463) lcd_panel: esp_lcd_panel_reset(15): invalid panel handle[0m
ESP_ERROR_CHECK failed: esp_err_t 0x102 (ESP_ERR_INVALID_ARG) at 0x400d62c1
file: "./main/main.c" line 308
func: app_main
expression: esp_lcd_panel_reset(panel_handle)

abort() was called at PC 0x40086a07 on core 0


Backtrace: 0x4008191a:0x3ffbd210 0x40086a11:0x3ffbd230 0x4008ca06:0x3ffbd250 0x40086a07:0x3ffbd2c0 0x400d62c1:0x3ffbd2f0 0x401107b7:0x3ffbd3d0 0x400890f5:0x3ffbd400




ELF file SHA256: 032cc6822e985487

Rebooting...
ets Jul 29 2019 12:21:46

rst:0xc (SW_CPU_RESET),boot:0x13 (SPI_FAST_FLASH_BOOT)
configsip: 0, SPIWP:0xee
clk_drv:0x00,q_drv:0x00,d_drv:0x00,cs0_drv:0x00,hd_drv:0x00,wp_drv:0x00
mode:DIO, clock div:2
load:0x3fff0030,len:7092
load:0x40078000,len:15584
ho 0 tail 12 room 4
load:0x40080400,len:4
load:0x40080404,len:3876
entry 0x4008064c
[0;32mI (31) boot: ESP-IDF HEAD-HASH-NOTFOUND 2nd stage bootloader[0m
[0;32mI (31) boot: compile time Feb 16 2024 21:32:16[0m
[0;32mI (32) boot: Multicore bootloader[0m
[0;32mI (36) boot: chip revision: v3.0[0m
[0;32mI (40) boot.esp32: SPI Speed      : 40MHz[0m
[0;32mI (45) boot.esp32: SPI Mode       : DIO[0m
[0;32mI (49) boot.esp32: SPI Flash Size : 4MB[0m
[0;32mI (54) boot: Enabling RNG early entropy source...[0m
[0;32mI (59) boot: Partition Table:[0m
[0;32mI (63) boot: ## Label            Usage          Type ST Offset   Length[0m
[0;32mI (70) boot:  0 nvs              WiFi data        01 02 00009000 00004000[0m
[0;32mI (78) boot:  1 otadata          OTA data         01 00 0000d000 00002000[0m
[0;32mI (85) boot:  2 phy_init         RF data          01 01 0000f000 00001000[0m
[0;32mI (93) boot:  3 factory          factory app      00 00 00010000 00100000[0m
[0;32mI (100) boot:  4 ota_0            OTA app          00 10 00110000 00100000[0m
[0;32mI (108) boot:  5 ota_1            OTA app          00 11 00210000 00100000[0m
[0;32mI (115) boot: End of partition table[0m
[0;32mI (119) boot: Defaulting to factory image[0m
[0;32mI (124) esp_image: segment 0: paddr=00010020 vaddr=3f400020 size=11920h ( 71968) map[0m
[0;32mI (159) esp_image: segment 1: paddr=00021948 vaddr=3ffb0000 size=02328h (  9000) load[0m
[0;32mI (162) esp_image: segment 2: paddr=00023c78 vaddr=40080000 size=0c3a0h ( 50080) load[0m
[0;32mI (185) esp_image: segment 3: paddr=00030020 vaddr=400d0020 size=40f90h (266128) map[0m
[0;32mI (282) esp_image: segment 4: paddr=00070fb8 vaddr=4008c3a0 size=01c18h (  7192) load[0m
[0;32mI (292) boot: Loaded app from partition at offset 0x10000[0m
[0;32mI (292) boot: Disabling RNG early entropy source...[0m
[0;32mI (304) cpu_start: Multicore app[0m
[0;32mI (304) cpu_start: Pro cpu up.[0m
[0;32mI (305) cpu_start: Starting app cpu, entry point is 0x400812b4[0m
[0;32mI (294) cpu_start: App cpu up.[0m
[0;32mI (325) cpu_start: Pro cpu start user code[0m
[0;32mI (325) cpu_start: cpu freq: 160000000 Hz[0m
[0;32mI (325) cpu_start: Application information:[0m
[0;32mI (329) cpu_start: Project name:     main[0m
[0;32mI (334) cpu_start: App version:      1[0m
[0;32mI (339) cpu_start: Compile time:     Feb 16 2024 21:31:35[0m
[0;32mI (345) cpu_start: ELF file SHA256:  032cc6822e985487...[0m
[0;32mI (351) cpu_start: ESP-IDF:          HEAD-HASH-NOTFOUND[0m
[0;32mI (356) cpu_start: Min chip rev:     v0.0[0m
[0;32mI (361) cpu_start: Max chip rev:     v3.99 [0m
[0;32mI (366) cpu_start: Chip rev:         v3.0[0m
[0;32mI (371) heap_init: Initializing. RAM available for dynamic allocation:[0m
[0;32mI (378) heap_init: At 3FFAE6E0 len 00001920 (6 KiB): DRAM[0m
[0;32mI (384) heap_init: At 3FFBB0D8 len 00024F28 (147 KiB): DRAM[0m
[0;32mI (390) heap_init: At 3FFE0440 len 00003AE0 (14 KiB): D/IRAM[0m
[0;32mI (397) heap_init: At 3FFE4350 len 0001BCB0 (111 KiB): D/IRAM[0m
[0;32mI (403) heap_init: At 4008DFB8 len 00012048 (72 KiB): IRAM[0m
[0;32mI (411) spi_flash: detected chip: generic[0m
[0;32mI (414) spi_flash: flash io: dio[0m
[0;32mI (418) app_start: Starting scheduler on CPU0[0m
[0;32mI (423) app_start: Starting scheduler on CPU1[0m
[0;32mI (423) main_task: Started on CPU0[0m
[0;32mI (433) main_task: Calling app_main()[0m
[0;32mI (433) example: Turn off LCD backlight[0m
[0;32mI (433) gpio: GPIO[2]| InputEn: 0| OutputEn: 1| OpenDrain: 0| Pullup: 0| Pulldown: 0| Intr:0 [0m
[0;32mI (443) example: Initialize SPI bus[0m
[0;32mI (453) example: Install panel IO[0m
[0;32mI (453) gpio: GPIO[5]| InputEn: 0| OutputEn: 1| OpenDrain: 0| Pullup: 0| Pulldown: 0| Intr:0 [0m
[0;31mE (463) lcd_panel: esp_lcd_panel_reset(15): invalid panel handle[0m
ESP_ERROR_CHECK failed: esp_err_t 0x102 (ESP_ERR_INVALID_ARG) at 0x400d62c1
file: "./main/main.c" line 308
func: app_main
expression: esp_lcd_panel_reset(panel_handle)

abort() was called at PC 0x40086a07 on core 0


Backtrace: 0x4008191a:0x3ffbd210 0x40086a11:0x3ffbd230 0x4008ca06:0x3ffbd250 0x40086a07:0x3ffbd2c0 0x400d62c1:0x3ffbd2f0 0x401107b7:0x3ffbd3d0 0x400890f5:0x3ffbd400




ELF file SHA256: 032cc6822e985487

Rebooting...
ets Jul 29 2019 12:21:46

rst:0xc (SW_CPU_RESET),boot:0x13 (SPI_FAST_FLASH_BOOT)
configsip: 0, SPIWP:0xee
clk_drv:0x00,q_drv:0x00,d_drv:0x00,cs0_drv:0x00,hd_drv:0x00,wp_drv:0x00
mode:DIO, clock div:2
load:0x3fff0030,len:7092
load:0x40078000,len:15584
ho 0 tail 12 room 4
load:0x40080400,len:4
load:0x40080404,len:3876
entry 0x4008064c
[0;32mI (31) boot: ESP-IDF HEAD-HASH-NOTFOUND 2nd stage bootloader[0m
[0;32mI (31) boot: compile time Feb 16 2024 21:32:16[0m
[0;32mI (32) boot: Multicore bootloader[0m
[0;32mI (36) boot: chip revision: v3.0[0m
[0;32mI (40) boot.esp32: SPI Speed      : 40MHz[0m
[0;32mI (45) boot.esp32: SPI Mode       : DIO[0m
[0;32mI (49) boot.esp32: SPI Flash Size : 4MB[0m
[0;32mI (54) boot: Enabling RNG early entropy source...[0m
[0;32mI (59) boot: Partition Table:[0m
[0;32mI (63) boot: ## Label            Usage          Type ST Offset   Length[0m
[0;32mI (70) boot:  0 nvs              WiFi data        01 02 00009000 00004000[0m
[0;32mI (78) boot:  1 otadata          OTA data         01 00 0000d000 00002000[0m
[0;32mI (85) boot:  2 phy_init         RF data          01 01 0000f000 00001000[0m
[0;32mI (93) boot:  3 factory          factory app      00 00 00010000 00100000[0m
[0;32mI (100) boot:  4 ota_0            OTA app          00 10 00110000 00100000[0m
[0;32mI (108) boot:  5 ota_1            OTA app          00 11 00210000 00100000[0m
[0;32mI (115) boot: End of partition table[0m
[0;32mI (119) boot: Defaulting to factory image[0m
[0;32mI (124) esp_image: segment 0: paddr=00010020 vaddr=3f400020 size=11920h ( 71968) map[0m
[0;32mI (159) esp_image: segment 1: paddr=00021948 vaddr=3ffb0000 size=02328h (  9000) load[0m
[0;32mI (162) esp_image: segment 2: paddr=00023c78 vaddr=40080000 size=0c3a0h ( 50080) load[0m
[0;32mI (185) esp_image: segment 3: paddr=00030020 vaddr=400d0020 size=40f90h (266128) map[0m
[0;32mI (282) esp_image: segment 4: paddr=00070fb8 vaddr=4008c3a0 size=01c18h (  7192) load[0m
[0;32mI (292) boot: Loaded app from partition at offset 0x10000[0m
[0;32mI (292) boot: Disabling RNG early entropy source...[0m
[0;32mI (304) cpu_start: Multicore app[0m
[0;32mI (304) cpu_start: Pro cpu up.[0m
[0;32mI (305) cpu_start: Starting app cpu, entry point is 0x400812b4[0m
[0;32mI (294) cpu_start: App cpu up.[0m
[0;32mI (325) cpu_start: Pro cpu start user code[0m
[0;32mI (325) cpu_start: cpu freq: 160000000 Hz[0m
[0;32mI (325) cpu_start: Application information:[0m
[0;32mI (329) cpu_start: Project name:     main[0m
[0;32mI (334) cpu_start: App version:      1[0m
[0;32mI (339) cpu_start: Compile time:     Feb 16 2024 21:31:35[0m
[0;32mI (345) cpu_start: ELF file SHA256:  032cc6822e985487...[0m
[0;32mI (351) cpu_start: ESP-IDF:          HEAD-HASH-NOTFOUND[0m
[0;32mI (356) cpu_start: Min chip rev:     v0.0[0m
[0;32mI (361) cpu_start: Max chip rev:     v3.99 [0m
[0;32mI (366) cpu_start: Chip rev:         v3.0[0m
[0;32mI (371) heap_init: Initializing. RAM available for dynamic allocation:[0m
[0;32mI (378) heap_init: At 3FFAE6E0 len 00001920 (6 KiB): DRAM[0m
[0;32mI (384) heap_init: At 3FFBB0D8 len 00024F28 (147 KiB): DRAM[0m
[0;32mI (390) heap_init: At 3FFE0440 len 00003AE0 (14 KiB): D/IRAM[0m
[0;32mI (397) heap_init: At 3FFE4350 len 0001BCB0 (111 KiB): D/IRAM[0m
[0;32mI (403) heap_init: At 4008DFB8 len 00012048 (72 KiB): IRAM[0m
[0;32mI (411) spi_flash: detected chip: generic[0m
[0;32mI (414) spi_flash: flash io: dio[0m
[0;32mI (418) app_start: Starting scheduler on CPU0[0m
[0;32mI (423) app_start: Starting scheduler on CPU1[0m
[0;32mI (423) main_task: Started on CPU0[0m
[0;32mI (433) main_task: Calling app_main()[0m
[0;32mI (433) example: Turn off LCD backlight[0m
[0;32mI (433) gpio: GPIO[2]| InputEn: 0| OutputEn: 1| OpenDrain: 0| Pullup: 0| Pulldown: 0| Intr:0 [0m
[0;32mI (443) example: Initialize SPI bus[0m
[0;32mI (453) example: Install panel IO[0m
[0;32mI (453) gpio: GPIO[5]| InputEn: 0| OutputEn: 1| OpenDrain: 0| Pullup: 0| Pulldown: 0| Intr:0 [0m
[0;31mE (463) lcd_panel: esp_lcd_panel_reset(15): invalid panel handle[0m
ESP_ERROR_CHECK failed: esp_err_t 0x102 (ESP_ERR_INVALID_ARG) at 0x400d62c1
file: "./main/main.c" line 308
func: app_main
expression: esp_lcd_panel_reset(panel_handle)

abort() was called at PC 0x40086a07 on core 0


Backtrace: 0x4008191a:0x3ffbd210 0x40086a11:0x3ffbd230 0x4008ca06:0x3ffbd250 0x40086a07:0x3ffbd2c0 0x400d62c1:0x3ffbd2f0 0x401107b7:0x3ffbd3d0 0x400890f5:0x3ffbd400




ELF file SHA256: 032cc6822e985487

Rebooting...
ets Jul 29 2019 12:21:46

rst:0xc (SW_CPU_RESET),boot:0x13 (SPI_FAST_FLASH_BOOT)
configsip: 0, SPIWP:0xee
clk_drv:0x00,q_drv:0x00,d_drv:0x00,cs0_drv:0x00,hd_drv:0x00,wp_drv:0x00
mode:DIO, clock div:2
load:0x3fff0030,len:7092
load:0x40078000,len:15584
ho 0 tail 12 room 4
load:0x40080400,len:4
load:0x40080404,len:3876
entry 0x4008064c
[0;32mI (31) boot: ESP-IDF HEAD-HASH-NOTFOUND 2nd stage bootloader[0m
[0;32mI (31) boot: compile time Feb 16 2024 21:32:16[0m
[0;32mI (32) boot: Multicore bootloader[0m
[0;32mI (36) boot: chip revision: v3.0[0m
[0;32mI (40) boot.esp32: SPI Speed      : 40MHz[0m
[0;32mI (45) boot.esp32: SPI Mode       : DIO[0m
[0;32mI (49) boot.esp32: SPI Flash Size : 4MB[0m
[0;32mI (54) boot: Enabling RNG early entropy source...[0m
[0;32mI (59) boot: Partition Table:[0m
[0;32mI (63) boot: ## Label            Usage          Type ST Offset   Length[0m
[0;32mI (70) boot:  0 nvs              WiFi data        01 02 00009000 00004000[0m
[0;32mI (78) boot:  1 otadata          OTA data         01 00 0000d000 00002000[0m
[0;32mI (85) boot:  2 phy_init         RF data          01 01 0000f000 00001000[0m
[0;32mI (93) boot:  3 factory          factory app      00 00 00010000 00100000[0m
[0;32mI (100) boot:  4 ota_0            OTA app          00 10 00110000 00100000[0m
[0;32mI (108) boot:  5 ota_1            OTA app          00 11 00210000 00100000[0m
[0;32mI (115) boot: End of partition table[0m
[0;32mI (119) boot: Defaulting to factory image[0m
[0;32mI (124) esp_image: segment 0: paddr=00010020 vaddr=3f400020 size=11920h ( 71968) map[0m
[0;32mI (159) esp_image: segment 1: paddr=00021948 vaddr=3ffb0000 size=02328h (  9000) load[0m
[0;32mI (162) esp_image: segment 2: paddr=00023c78 vaddr=40080000 size=0c3a0h ( 50080) load[0m
[0;32mI (185) esp_image: segment 3: paddr=00030020 vaddr=400d0020 size=40f90h (266128) map[0m
[0;32mI (282) esp_image: segment 4: paddr=00070fb8 vaddr=4008c3a0 size=01c18h (  7192) load[0m
[0;32mI (292) boot: Loaded app from partition at offset 0x10000[0m
[0;32mI (292) boot: Disabling RNG early entropy source...[0m
[0;32mI (304) cpu_start: Multicore app[0m
[0;32mI (304) cpu_start: Pro cpu up.[0m
[0;32mI (305) cpu_start: Starting app cpu, entry point is 0x400812b4[0m
[0;32mI (294) cpu_start: App cpu up.[0m
[0;32mI (325) cpu_start: Pro cpu start user code[0m
[0;32mI (325) cpu_start: cpu freq: 160000000 Hz[0m
[0;32mI (325) cpu_start: Application information:[0m
[0;32mI (329) cpu_start: Project name:     main[0m
[0;32mI (334) cpu_start: App version:      1[0m
[0;32mI (339) cpu_start: Compile time:     Feb 16 2024 21:31:35[0m
[0;32mI (345) cpu_start: ELF file SHA256:  032cc6822e985487...[0m
[0;32mI (351) cpu_start: ESP-IDF:          HEAD-HASH-NOTFOUND[0m
[0;32mI (356) cpu_start: Min chip rev:     v0.0[0m
[0;32mI (361) cpu_start: Max chip rev:     v3.99 [0m
[0;32mI (366) cpu_start: Chip rev:         v3.0[0m
[0;32mI (371) heap_init: Initializing. RAM available for dynamic allocation:[0m
[0;32mI (378) heap_init: At 3FFAE6E0 len 00001920 (6 KiB): DRAM[0m
[0;32mI (384) heap_init: At 3FFBB0D8 len 00024F28 (147 KiB): DRAM[0m
[0;32mI (390) heap_init: At 3FFE0440 len 00003AE0 (14 KiB): D/IRAM[0m
[0;32mI (397) heap_init: At 3FFE4350 len 0001BCB0 (111 KiB): D/IRAM[0m
[0;32mI (403) heap_init: At 4008DFB8 len 00012048 (72 KiB): IRAM[0m
[0;32mI (411) spi_flash: detected chip: generic[0m
[0;32mI (414) spi_flash: flash io: dio[0m
[0;32mI (418) app_start: Starting scheduler on CPU0[0m
[0;32mI (423) app_start: Starting scheduler on CPU1[0m
[0;32mI (423) main_task: Started on CPU0[0m
[0;32mI (433) main_task: Calling app_main()[0m
[0;32mI (433) example: Turn off LCD backlight[0m
[0;32mI (433) gpio: GPIO[2]| InputEn: 0| OutputEn: 1| OpenDrain: 0| Pullup: 0| Pulldown: 0| Intr:0 [0m
[0;32mI (443) example: Initialize SPI bus[0m
[0;32mI (453) example: Install panel IO[0m
[0;32mI (453) gpio: GPIO[5]| InputEn: 0| OutputEn: 1| OpenDrain: 0| Pullup: 0| Pulldown: 0| Intr:0 [0m
[0;31mE (463) lcd_panel: esp_lcd_panel_reset(15): invalid panel handle[0m
ESP_ERROR_CHECK failed: esp_err_t 0x102 (ESP_ERR_INVALID_ARG) at 0x400d62c1
file: "./main/main.c" line 308
func: app_main
expression: esp_lcd_panel_reset(panel_handle)

abort() was called at PC 0x40086a07 on core 0


Backtrace: 0x4008191a:0x3ffbd210 0x40086a11:0x3ffbd230 0x4008ca06:0x3ffbd250 0x40086a07:0x3ffbd2c0 0x400d62c1:0x3ffbd2f0 0x401107b7:0x3ffbd3d0 0x400890f5:0x3ffbd400




ELF file SHA256: 032cc6822e985487

Rebooting...
ets Jul 29 2019 12:21:46

rst:0xc (SW_CPU_RESET),boot:0x13 (SPI_FAST_FLASH_BOOT)
configsip: 0, SPIWP:0xee
clk_drv:0x00,q_drv:0x00,d_drv:0x00,cs0_drv:0x00,hd_drv:0x00,wp_drv:0x00
mode:DIO, clock div:2
load:0x3fff0030,len:7092
load:0x40078000,len:15584
ho 0 tail 12 room 4
load:0x40080400,len:4
load:0x40080404,len:3876
entry 0x4008064c
[0;32mI (31) boot: ESP-IDF HEAD-HASH-NOTFOUND 2nd stage bootloader[0m
[0;32mI (31) boot: compile time Feb 16 2024 21:32:16[0m
[0;32mI (32) boot: Multicore bootloader[0m
[0;32mI (36) boot: chip revision: v3.0[0m
[0;32mI (40) boot.esp32: SPI Speed      : 40MHz[0m
[0;32mI (45) boot.esp32: SPI Mode       : DIO[0m
[0;32mI (49) boot.esp32: SPI Flash Size : 4MB[0m
[0;32mI (54) boot: Enabling RNG early entropy source...[0m
[0;32mI (59) boot: Partition Table:[0m
[0;32mI (63) boot: ## Label            Usage          Type ST Offset   Length[0m
[0;32mI (70) boot:  0 nvs              WiFi data        01 02 00009000 00004000[0m
[0;32mI (78) boot:  1 otadata          OTA data         01 00 0000d000 00002000[0m
[0;32mI (85) boot:  2 phy_init         RF data          01 01 0000f000 00001000[0m
[0;32mI (93) boot:  3 factory          factory app      00 00 00010000 00100000[0m
[0;32mI (100) boot:  4 ota_0            OTA app          00 10 00110000 00100000[0m
[0;32mI (108) boot:  5 ota_1            OTA app          00 11 00210000 00100000[0m
[0;32mI (115) boot: End of partition table[0m
[0;32mI (119) boot: Defaulting to factory image[0m
[0;32mI (124) esp_image: segment 0: paddr=00010020 vaddr=3f400020 size=11920h ( 71968) map[0m
[0;32mI (159) esp_image: segment 1: paddr=00021948 vaddr=3ffb0000 size=02328h (  9000) load[0m
[0;32mI (162) esp_image: segment 2: paddr=00023c78 vaddr=40080000 size=0c3a0h ( 50080) load[0m
[0;32mI (185) esp_image: segment 3: paddr=00030020 vaddr=400d0020 size=40f90h (266128) map[0m
[0;32mI (282) esp_image: segment 4: paddr=00070fb8 vaddr=4008c3a0 size=01c18h (  7192) load[0m
[0;32mI (292) boot: Loaded app from partition at offset 0x10000[0m
[0;32mI (292) boot: Disabling RNG early entropy source...[0m
[0;32mI (304) cpu_start: Multicore app[0m
[0;32mI (304) cpu_start: Pro cpu up.[0m
[0;32mI (305) cpu_start: Starting app cpu, entry point is 0x400812b4[0m
[0;32mI (294) cpu_start: App cpu up.[0m
[0;32mI (325) cpu_start: Pro cpu start user code[0m
[0;32mI (325) cpu_start: cpu freq: 160000000 Hz[0m
[0;32mI (325) cpu_start: Application information:[0m
[0;32mI (329) cpu_start: Project name:     main[0m
[0;32mI (334) cpu_start: App version:      1[0m
[0;32mI (339) cpu_start: Compile time:     Feb 16 2024 21:31:35[0m
[0;32mI (345) cpu_start: ELF file SHA256:  032cc6822e985487...[0m
[0;32mI (351) cpu_start: ESP-IDF:          HEAD-HASH-NOTFOUND[0m
[0;32mI (356) cpu_start: Min chip rev:     v0.0[0m
[0;32mI (361) cpu_start: Max chip rev:     v3.99 [0m
[0;32mI (366) cpu_start: Chip rev:         v3.0[0m
[0;32mI (371) heap_init: Initializing. RAM available for dynamic allocation:[0m
[0;32mI (378) heap_init: At 3FFAE6E0 len 00001920 (6 KiB): DRAM[0m
[0;32mI (384) heap_init: At 3FFBB0D8 len 00024F28 (147 KiB): DRAM[0m
[0;32mI (390) heap_init: At 3FFE0440 len 00003AE0 (14 KiB): D/IRAM[0m
[0;32mI (397) heap_init: At 3FFE4350 len 0001BCB0 (111 KiB): D/IRAM[0m
[0;32mI (403) heap_init: At 4008DFB8 len 00012048 (72 KiB): IRAM[0m
[0;32mI (411) spi_flash: detected chip: generic[0m
[0;32mI (414) spi_flash: flash io: dio[0m
[0;32mI (419) app_start: Starting scheduler on CPU0[0m
[0;32mI (423) app_start: Starting scheduler on CPU1[0m
[0;32mI (423) main_task: Started on CPU0[0m
[0;32mI (433) main_task: Calling app_main()[0m
[0;32mI (433) example: Turn off LCD backlight[0m
[0;32mI (433) gpio: GPIO[2]| InputEn: 0| OutputEn: 1| OpenDrain: 0| Pullup: 0| Pulldown: 0| Intr:0 [0m
[0;32mI (443) example: Initialize SPI bus[0m
[0;32mI (453) example: Install panel IO[0m
[0;32mI (453) gpio: GPIO[5]| InputEn: 0| OutputEn: 1| OpenDrain: 0| Pullup: 0| Pulldown: 0| Intr:0 [0m
[0;31mE (463) lcd_panel: esp_lcd_panel_reset(15): invalid panel handle[0m
ESP_ERROR_CHECK failed: esp_err_t 0x102 (ESP_ERR_INVALID_ARG) at 0x400d62c1
file: "./main/main.c" line 308
func: app_main
expression: esp_lcd_panel_reset(panel_handle)

abort() was called at PC 0x40086a07 on core 0


Backtrace: 0x4008191a:0x3ffbd210 0x40086a11:0x3ffbd230 0x4008ca06:0x3ffbd250 0x40086a07:0x3ffbd2c0 0x400d62c1:0x3ffbd2f0 0x401107b7:0x3ffbd3d0 0x400890f5:0x3ffbd400




ELF file SHA256: 032cc6822e985487

Rebooting...
ets Jul 29 2019 12:21:46

rst:0xc (SW_CPU_RESET),boot:0x13 (SPI_FAST_FLASH_BOOT)
configsip: 0, SPIWP:0xee
clk_drv:0x00,q_drv:0x00,d_drv:0x00,cs0_drv:0x00,hd_drv:0x00,wp_drv:0x00
mode:DIO, clock div:2
load:0x3fff0030,len:7092
load:0x40078000,len:15584
ho 0 tail 12 room 4
load:0x40080400,len:4
load:0x40080404,len:3876
entry 0x4008064c
[0;32mI (31) boot: ESP-IDF HEAD-HASH-NOTFOUND 2nd stage bootloader[0m
[0;32mI (31) boot: compile time Feb 16 2024 21:32:16[0m
[0;32mI (32) boot: Multicore bootloader[0m
[0;32mI (36) boot: chip revision: v3.0[0m
[0;32mI (40) boot.esp32: SPI Speed      : 40MHz[0m
[0;32mI (45) boot.esp32: SPI Mode       : DIO[0m
[0;32mI (49) boot.esp32: SPI Flash Size : 4MB[0m
[0;32mI (54) boot: Enabling RNG early entropy source...[0m
[0;32mI (59) boot: Partition Table:[0m
[0;32mI (63) boot: ## Label            Usage          Type ST Offset   Length[0m
[0;32mI (70) boot:  0 nvs              WiFi data        01 02 00009000 00004000[0m
[0;32mI (78) boot:  1 otadata          OTA data         01 00 0000d000 00002000[0m
[0;32mI (85) boot:  2 phy_init         RF data          01 01 0000f000 00001000[0m
[0;32mI (93) boot:  3 factory          factory app      00 00 00010000 00100000[0m
[0;32mI (100) boot:  4 ota_0            OTA app          00 10 00110000 00100000[0m
[0;32mI (108) boot:  5 ota_1            OTA app          00 11 00210000 00100000[0m
[0;32mI (115) boot: End of partition table[0m
[0;32mI (119) boot: Defaulting to factory image[0m
[0;32mI (124) esp_image: segment 0: paddr=00010020 vaddr=3f400020 size=11920h ( 71968) map[0m
[0;32mI (159) esp_image: segment 1: paddr=00021948 vaddr=3ffb0000 size=02328h (  9000) load[0m
[0;32mI (162) esp_image: segment 2: paddr=00023c78 vaddr=40080000 size=0c3a0h ( 50080) load[0m
[0;32mI (185) esp_image: segment 3: paddr=00030020 vaddr=400d0020 size=40f90h (266128) map[0m
[0;32mI (282) esp_image: segment 4: paddr=00070fb8 vaddr=4008c3a0 size=01c18h (  7192) load[0m
[0;32mI (292) boot: Loaded app from partition at offset 0x10000[0m
[0;32mI (292) boot: Disabling RNG early entropy source...[0m
[0;32mI (304) cpu_start: Multicore app[0m
[0;32mI (304) cpu_start: Pro cpu up.[0m
[0;32mI (305) cpu_start: Starting app cpu, entry point is 0x400812b4[0m
[0;32mI (294) cpu_start: App cpu up.[0m
[0;32mI (325) cpu_start: Pro cpu start user code[0m
[0;32mI (325) cpu_start: cpu freq: 160000000 Hz[0m
[0;32mI (325) cpu_start: Application information:[0m
[0;32mI (329) cpu_start: Project name:     main[0m
[0;32mI (334) cpu_start: App version:      1[0m
[0;32mI (339) cpu_start: Compile time:     Feb 16 2024 21:31:35[0m
[0;32mI (345) cpu_start: ELF file SHA256:  032cc6822e985487...[0m
[0;32mI (351) cpu_start: ESP-IDF:          HEAD-HASH-NOTFOUND[0m
[0;32mI (356) cpu_start: Min chip rev:     v0.0[0m
[0;32mI (361) cpu_start: Max chip rev:     v3.99 [0m
[0;32mI (366) cpu_start: Chip rev:         v3.0[0m
[0;32mI (371) heap_init: Initializing. RAM available for dynamic allocation:[0m
[0;32mI (378) heap_init: At 3FFAE6E0 len 00001920 (6 KiB): DRAM[0m
[0;32mI (384) heap_init: At 3FFBB0D8 len 00024F28 (147 KiB): DRAM[0m
[0;32mI (390) heap_init: At 3FFE0440 len 00003AE0 (14 KiB): D/IRAM[0m
[0;32mI (397) heap_init: At 3FFE4350 len 0001BCB0 (111 KiB): D/IRAM[0m
[0;32mI (403) heap_init: At 4008DFB8 len 00012048 (72 KiB): IRAM[0m
[0;32mI (411) spi_flash: detected chip: generic[0m
[0;32mI (414) spi_flash: flash io: dio[0m
[0;32mI (418) app_start: Starting scheduler on CPU0[0m
[0;32mI (423) app_start: Starting scheduler on CPU1[0m
[0;32mI (423) main_task: Started on CPU0[0m
[0;32mI (433) main_task: Calling app_main()[0m
[0;32mI (433) example: Turn off LCD backlight[0m
[0;32mI (433) gpio: GPIO[2]| InputEn: 0| OutputEn: 1| OpenDrain: 0| Pullup: 0| Pulldown: 0| Intr:0 [0m
[0;32mI (443) example: Initialize SPI bus[0m
[0;32mI (453) example: Install panel IO[0m
[0;32mI (453) gpio: GPIO[5]| InputEn: 0| OutputEn: 1| OpenDrain: 0| Pullup: 0| Pulldown: 0| Intr:0 [0m
[0;31mE (463) lcd_panel: esp_lcd_panel_reset(15): invalid panel handle[0m
ESP_ERROR_CHECK failed: esp_err_t 0x102 (ESP_ERR_INVALID_ARG) at 0x400d62c1
file: "./main/main.c" line 308
func: app_main
expression: esp_lcd_panel_reset(panel_handle)

abort() was called at PC 0x40086a07 on core 0


Backtrace: 0x4008191a:0x3ffbd210 0x40086a11:0x3ffbd230 0x4008ca06:0x3ffbd250 0x40086a07:0x3ffbd2c0 0x400d62c1:0x3ffbd2f0 0x401107b7:0x3ffbd3d0 0x400890f5:0x3ffbd400




ELF file SHA256: 032cc6822e985487

Rebooting...
ets Jul 29 2019 12:21:46

rst:0xc (SW_CPU_RESET),boot:0x13 (SPI_FAST_FLASH_BOOT)
configsip: 0, SPIWP:0xee
clk_drv:0x00,q_drv:0x00,d_drv:0x00,cs0_drv:0x00,hd_drv:0x00,wp_drv:0x00
mode:DIO, clock div:2
load:0x3fff0030,len:7092
load:0x40078000,len:15584
ho 0 tail 12 room 4
load:0x40080400,len:4
load:0x40080404,len:3876
entry 0x4008064c
[0;32mI (31) boot: ESP-IDF HEAD-HASH-NOTFOUND 2nd stage bootloader[0m
[0;32mI (31) boot: compile time Feb 16 2024 21:32:16[0m
[0;32mI (32) boot: Multicore bootloader[0m
[0;32mI (36) boot: chip revision: v3.0[0m
[0;32mI (40) boot.esp32: SPI Speed      : 40MHz[0m
[0;32mI (45) boot.esp32: SPI Mode       : DIO[0m
[0;32mI (49) boot.esp32: SPI Flash Size : 4MB[0m
[0;32mI (54) boot: Enabling RNG early entropy source...[0m
[0;32mI (59) boot: Partition Table:[0m
[0;32mI (63) boot: ## Label            Usage          Type ST Offset   Length[0m
[0;32mI (70) boot:  0 nvs              WiFi data        01 02 00009000 00004000[0m
[0;32mI (78) boot:  1 otadata          OTA data         01 00 0000d000 00002000[0m
[0;32mI (85) boot:  2 phy_init         RF data          01 01 0000f000 00001000[0m
[0;32mI (93) boot:  3 factory          factory app      00 00 00010000 00100000[0m
[0;32mI (100) boot:  4 ota_0            OTA app          00 10 00110000 00100000[0m
[0;32mI (108) boot:  5 ota_1            OTA app          00 11 00210000 00100000[0m
[0;32mI (115) boot: End of partition table[0m
[0;32mI (119) boot: Defaulting to factory image[0m
[0;32mI (124) esp_image: segment 0: paddr=00010020 vaddr=3f400020 size=11920h ( 71968) map[0m
[0;32mI (159) esp_image: segment 1: paddr=00021948 vaddr=3ffb0000 size=02328h (  9000) load[0m
[0;32mI (162) esp_image: segment 2: paddr=00023c78 vaddr=40080000 size=0c3a0h ( 50080) load[0m
[0;32mI (185) esp_image: segment 3: paddr=00030020 vaddr=400d0020 size=40f90h (266128) map[0m
[0;32mI (282) esp_image: segment 4: paddr=00070fb8 vaddr=4008c3a0 size=01c18h (  7192) load[0m
[0;32mI (292) boot: Loaded app from partition at offset 0x10000[0m
[0;32mI (292) boot: Disabling RNG early entropy source...[0m
[0;32mI (304) cpu_start: Multicore app[0m
[0;32mI (304) cpu_start: Pro cpu up.[0m
[0;32mI (305) cpu_start: Starting app cpu, entry point is 0x400812b4[0m
[0;32mI (294) cpu_start: App cpu up.[0m
[0;32mI (325) cpu_start: Pro cpu start user code[0m
[0;32mI (325) cpu_start: cpu freq: 160000000 Hz[0m
[0;32mI (325) cpu_start: Application information:[0m
[0;32mI (329) cpu_start: Project name:     main[0m
[0;32mI (334) cpu_start: App version:      1[0m
[0;32mI (339) cpu_start: Compile time:     Feb 16 2024 21:31:35[0m
[0;32mI (345) cpu_start: ELF file SHA256:  032cc6822e985487...[0m
[0;32mI (351) cpu_start: ESP-IDF:          HEAD-HASH-NOTFOUND[0m
[0;32mI (356) cpu_start: Min chip rev:     v0.0[0m
[0;32mI (361) cpu_start: Max chip rev:     v3.99 [0m
[0;32mI (366) cpu_start: Chip rev:         v3.0[0m
[0;32mI (371) heap_init: Initializing. RAM available for dynamic allocation:[0m
[0;32mI (378) heap_init: At 3FFAE6E0 len 00001920 (6 KiB): DRAM[0m
[0;32mI (384) heap_init: At 3FFBB0D8 len 00024F28 (147 KiB): DRAM[0m
[0;32mI (390) heap_init: At 3FFE0440 len 00003AE0 (14 KiB): D/IRAM[0m
[0;32mI (397) heap_init: At 3FFE4350 len 0001BCB0 (111 KiB): D/IRAM[0m
[0;32mI (403) heap_init: At 4008DFB8 len 00012048 (72 KiB): IRAM[0m
[0;32mI (411) spi_flash: detected chip: generic[0m
[0;32mI (414) spi_flash: flash io: dio[0m
[0;32mI (418) app_start: Starting scheduler on CPU0[0m
[0;32mI (423) app_start: Starting scheduler on CPU1[0m
[0;32mI (423) main_task: Started on CPU0[0m
[0;32mI (433) main_task: Calling app_main()[0m
[0;32mI (433) example: Turn off LCD backlight[0m
[0;32mI (433) gpio: GPIO[2]| InputEn: 0| OutputEn: 1| OpenDrain: 0| Pullup: 0| Pulldown: 0| Intr:0 [0m
[0;32mI (443) example: Initialize SPI bus[0m
[0;32mI (453) example: Install panel IO[0m
[0;32mI (453) gpio: GPIO[5]| InputEn: 0| OutputEn: 1| OpenDrain: 0| Pullup: 0| Pulldown: 0| Intr:0 [0m
[0;31mE (463) lcd_panel: esp_lcd_panel_reset(15): invalid panel handle[0m
ESP_ERROR_CHECK failed: esp_err_t 0x102 (ESP_ERR_INVALID_ARG) at 0x400d62c1
file: "./main/main.c" line 308
func: app_main
expression: esp_lcd_panel_reset(panel_handle)

abort() was called at PC 0x40086a07 on core 0


Backtrace: 0x4008191a:0x3ffbd210 0x40086a11:0x3ffbd230 0x4008ca06:0x3ffbd250 0x40086a07:0x3ffbd2c0 0x400d62c1:0x3ffbd2f0 0x401107b7:0x3ffbd3d0 0x400890f5:0x3ffbd400




ELF file SHA256: 032cc6822e985487

Rebooting...
ets Jul 29 2019 12:21:46

rst:0xc (SW_CPU_RESET),boot:0x13 (SPI_FAST_FLASH_BOOT)
configsip: 0, SPIWP:0xee
clk_drv:0x00,q_drv:0x00,d_drv:0x00,cs0_drv:0x00,hd_drv:0x00,wp_drv:0x00
mode:DIO, clock div:2
load:0x3fff0030,len:7092
load:0x40078000,len:15584
ho 0 tail 12 room 4
load:0x40080400,len:4
load:0x40080404,len:3876
entry 0x4008064c
[0;32mI (31) boot: ESP-IDF HEAD-HASH-NOTFOUND 2nd stage bootloader[0m
[0;32mI (31) boot: compile time Feb 16 2024 21:32:16[0m
[0;32mI (32) boot: Multicore bootloader[0m
[0;32mI (36) boot: chip revision: v3.0[0m
[0;32mI (40) boot.esp32: SPI Speed      : 40MHz[0m
[0;32mI (45) boot.esp32: SPI Mode       : DIO[0m
[0;32mI (49) boot.esp32: SPI Flash Size : 4MB[0m
[0;32mI (54) boot: Enabling RNG early entropy source...[0m
[0;32mI (59) boot: Partition Table:[0m
[0;32mI (63) boot: ## Label            Usage          Type ST Offset   Length[0m
[0;32mI (70) boot:  0 nvs              WiFi data        01 02 00009000 00004000[0m
[0;32mI (78) boot:  1 otadata          OTA data         01 00 0000d000 00002000[0m
[0;32mI (85) boot:  2 phy_init         RF data          01 01 0000f000 00001000[0m
[0;32mI (93) boot:  3 factory          factory app      00 00 00010000 00100000[0m
[0;32mI (100) boot:  4 ota_0            OTA app          00 10 00110000 00100000[0m
[0;32mI (108) boot:  5 ota_1            OTA app          00 11 00210000 00100000[0m
[0;32mI (115) boot: End of partition table[0m
[0;32mI (119) boot: Defaulting to factory image[0m
[0;32mI (124) esp_image: segment 0: paddr=00010020 vaddr=3f400020 size=11920h ( 71968) map[0m
[0;32mI (159) esp_image: segment 1: paddr=00021948 vaddr=3ffb0000 size=02328h (  9000) load[0m
[0;32mI (162) esp_image: segment 2: paddr=00023c78 vaddr=40080000 size=0c3a0h ( 50080) load[0m
[0;32mI (185) esp_image: segment 3: paddr=00030020 vaddr=400d0020 size=40f90h (266128) map[0m
[0;32mI (282) esp_image: segment 4: paddr=00070fb8 vaddr=4008c3a0 size=01c18h (  7192) load[0m
[0;32mI (292) boot: Loaded app from partition at offset 0x10000[0m
[0;32mI (292) boot: Disabling RNG early entropy source...[0m
[0;32mI (304) cpu_start: Multicore app[0m
[0;32mI (304) cpu_start: Pro cpu up.[0m
[0;32mI (305) cpu_start: Starting app cpu, entry point is 0x400812b4[0m
[0;32mI (294) cpu_start: App cpu up.[0m
[0;32mI (325) cpu_start: Pro cpu start user code[0m
[0;32mI (325) cpu_start: cpu freq: 160000000 Hz[0m
[0;32mI (325) cpu_start: Application information:[0m
[0;32mI (329) cpu_start: Project name:     main[0m
[0;32mI (334) cpu_start: App version:      1[0m
[0;32mI (339) cpu_start: Compile time:     Feb 16 2024 21:31:35[0m
[0;32mI (345) cpu_start: ELF file SHA256:  032cc6822e985487...[0m
[0;32mI (351) cpu_start: ESP-IDF:          HEAD-HASH-NOTFOUND[0m
[0;32mI (356) cpu_start: Min chip rev:     v0.0[0m
[0;32mI (361) cpu_start: Max chip rev:     v3.99 [0m
[0;32mI (366) cpu_start: Chip rev:         v3.0[0m
[0;32mI (371) heap_init: Initializing. RAM available for dynamic allocation:[0m
[0;32mI (378) heap_init: At 3FFAE6E0 len 00001920 (6 KiB): DRAM[0m
[0;32mI (384) heap_init: At 3FFBB0D8 len 00024F28 (147 KiB): DRAM[0m
[0;32mI (390) heap_init: At 3FFE0440 len 00003AE0 (14 KiB): D/IRAM[0m
[0;32mI (397) heap_init: At 3FFE4350 len 0001BCB0 (111 KiB): D/IRAM[0m
[0;32mI (403) heap_init: At 4008DFB8 len 00012048 (72 KiB): IRAM[0m
[0;32mI (411) spi_flash: detected chip: generic[0m
[0;32mI (414) spi_flash: flash io: dio[0m
[0;32mI (419) app_start: Starting scheduler on CPU0[0m
[0;32mI (423) app_start: Starting scheduler on CPU1[0m
[0;32mI (423) main_task: Started on CPU0[0m
[0;32mI (433) main_task: Calling app_main()[0m
[0;32mI (433) example: Turn off LCD backlight[0m
[0;32mI (433) gpio: GPIO[2]| InputEn: 0| OutputEn: 1| OpenDrain: 0| Pullup: 0| Pulldown: 0| Intr:0 [0m
[0;32mI (443) example: Initialize SPI bus[0m
[0;32mI (453) example: Install panel IO[0m
[0;32mI (453) gpio: GPIO[5]| InputEn: 0| OutputEn: 1| OpenDrain: 0| Pullup: 0| Pulldown: 0| Intr:0 [0m
[0;31mE (463) lcd_panel: esp_lcd_panel_reset(15): invalid panel handle[0m
ESP_ERROR_CHECK failed: esp_err_t 0x102 (ESP_ERR_INVALID_ARG) at 0x400d62c1
file: "./main/main.c" line 308
func: app_main
expression: esp_lcd_panel_reset(panel_handle)

abort() was called at PC 0x40086a07 on core 0


Backtrace: 0x4008191a:0x3ffbd210 0x40086a11:0x3ffbd230 0x4008ca06:0x3ffbd250 0x40086a07:0x3ffbd2c0 0x400d62c1:0x3ffbd2f0 0x401107b7:0x3ffbd3d0 0x400890f5:0x3ffbd400




ELF file SHA256: 032cc6822e985487

Rebooting...
ets Jul 29 2019 12:21:46

rst:0xc (SW_CPU_RESET),boot:0x13 (SPI_FAST_FLASH_BOOT)
configsip: 0, SPIWP:0xee
clk_drv:0x00,q_drv:0x00,d_drv:0x00,cs0_drv:0x00,hd_drv:0x00,wp_drv:0x00
mode:DIO, clock div:2
load:0x3fff0030,len:7092
load:0x40078000,len:15584
ho 0 tail 12 room 4
load:0x40080400,len:4
load:0x40080404,len:3876
entry 0x4008064c
[0;32mI (31) boot: ESP-IDF HEAD-HASH-NOTFOUND 2nd stage bootloader[0m
[0;32mI (31) boot: compile time Feb 16 2024 21:32:16[0m
[0;32mI (32) boot: Multicore bootloader[0m
[0;32mI (36) boot: chip revision: v3.0[0m
